// Jest Snapshot v1, https://goo.gl/fbAQLP

exports[`Playlist should render list of songs 1`] = `
<div
  className="playlist"
>
  <div
    className="ui items"
  >
    <a
      className="item"
      onClick={[Function]}
    >
      <div
        className="image"
      >
        <img
          src="https://i.ytimg.com/vi/1/hqdefault.jpg"
        />
      </div>
      <div
        className="content"
      >
        <div
          className="header"
        >
          test
        </div>
        <div
          className="meta"
        >
          1 minute
           
          
        </div>
      </div>
    </a>
    <a
      className="item"
      onClick={[Function]}
    >
      <div
        className="image"
      >
        <img
          src="https://i.ytimg.com/vi/2/hqdefault.jpg"
        />
      </div>
      <div
        className="content"
      >
        <div
          className="header"
        >
          test 2
        </div>
        <div
          className="meta"
        >
          1 minute
           
          
        </div>
      </div>
    </a>
  </div>
</div>
`;
