// Jest Snapshot v1, https://goo.gl/fbAQLP

exports[`Test helpers should generate test data 1`] = `
Array [
  Object {
    "id": "0",
    "rating": 1,
    "seconds": 20,
    "title": "test",
  },
  Object {
    "id": "1",
    "rating": 1,
    "seconds": 20,
    "title": "test",
  },
  Object {
    "id": "2",
    "rating": 1,
    "seconds": 20,
    "title": "test",
  },
  Object {
    "id": "3",
    "rating": 1,
    "seconds": 20,
    "title": "test",
  },
  Object {
    "id": "4",
    "rating": 1,
    "seconds": 20,
    "title": "test",
  },
  Object {
    "id": "5",
    "rating": 1,
    "seconds": 20,
    "title": "test",
  },
  Object {
    "id": "6",
    "rating": 1,
    "seconds": 20,
    "title": "test",
  },
  Object {
    "id": "7",
    "rating": 1,
    "seconds": 20,
    "title": "test",
  },
  Object {
    "id": "8",
    "rating": 1,
    "seconds": 20,
    "title": "test",
  },
  Object {
    "id": "9",
    "rating": 1,
    "seconds": 20,
    "title": "test",
  },
  Object {
    "id": "10",
    "rating": 1,
    "seconds": 20,
    "title": "test",
  },
  Object {
    "id": "11",
    "rating": 1,
    "seconds": 20,
    "title": "test",
  },
  Object {
    "id": "12",
    "rating": 1,
    "seconds": 20,
    "title": "test",
  },
  Object {
    "id": "13",
    "rating": 1,
    "seconds": 20,
    "title": "test",
  },
  Object {
    "id": "14",
    "rating": 1,
    "seconds": 20,
    "title": "test",
  },
  Object {
    "id": "15",
    "rating": 1,
    "seconds": 20,
    "title": "test",
  },
  Object {
    "id": "16",
    "rating": 1,
    "seconds": 20,
    "title": "test",
  },
  Object {
    "id": "17",
    "rating": 1,
    "seconds": 20,
    "title": "test",
  },
  Object {
    "id": "18",
    "rating": 1,
    "seconds": 20,
    "title": "test",
  },
  Object {
    "id": "19",
    "rating": 1,
    "seconds": 20,
    "title": "test",
  },
]
`;
