// Jest Snapshot v1, https://goo.gl/fbAQLP

exports[`knapsack algorithm should return one hour long playlist 1`] = `
Array [
  Object {
    "id": "GdoYTaJl4p8",
    "seconds": 61,
    "title": "Dreams Are Pretty - Seoul June [Copyright-safe] | Preview",
  },
  Object {
    "id": "BqbtZVEOkic",
    "seconds": 264,
    "title": "Memories of Spring - Tokyo Music Walker · [Free Copyright-safe Music]",
  },
  Object {
    "id": "zAghUpatQcI",
    "seconds": 224,
    "title": "Reverie - Scott Buckley · [Free Copyright-safe Music]",
  },
  Object {
    "id": "CVD1xeMIcZc",
    "seconds": 182,
    "title": "Escape Is Senseless - SilentCrafter · [Free Copyright-safe Music]",
  },
  Object {
    "id": "r-rU0pZdtTA",
    "seconds": 174,
    "title": "Velvet - Peyruis · [Free Copyright-safe Music]",
  },
  Object {
    "id": "qldyHxWPFUY",
    "seconds": 224,
    "title": "Believe - Roa · [Free Copyright-safe Music]",
  },
  Object {
    "id": "Dr-I4lbPM3M",
    "seconds": 130,
    "title": "Castle in the sky - Rofeu · [Free Copyright-safe Music]",
  },
  Object {
    "id": "eFmIPr6ZYuM",
    "seconds": 174,
    "title": "Pixel Pig - Di Young · [Free Copyright-safe Music]",
  },
  Object {
    "id": "u0ct_6Ja-zk",
    "seconds": 61,
    "title": "Drive Around Town - Broke In Summer [Copyright-safe] | Preview",
  },
  Object {
    "id": "spOci-L3BNc",
    "seconds": 163,
    "title": "Waiting on You - RYYZN · [Free Copyright-safe Music]",
  },
  Object {
    "id": "R1XEEm5Fppg",
    "seconds": 235,
    "title": "Fresh Time - Roa · [Free Copyright-safe Music]",
  },
  Object {
    "id": "K9ERmGNzdyo",
    "seconds": 129,
    "title": "Afternoon Nap - Ghostrifter Official · [Free Copyright-safe Music]",
  },
  Object {
    "id": "63hI-QLj-n0",
    "seconds": 62,
    "title": "Waves - The Loyalist [Copyright-safe] | Preview",
  },
  Object {
    "id": "vK1hPY44mEc",
    "seconds": 163,
    "title": "With You (Instrumental) - HaTom · [Free Copyright-safe Music]",
  },
  Object {
    "id": "XK5WipDlH5E",
    "seconds": 220,
    "title": "YOURSWAG - tubebackr · [Free Copyright-safe Music]",
  },
  Object {
    "id": "CJuRZhRkS6g",
    "seconds": 178,
    "title": "Baby Don't - Peyruis · [Free Copyright-safe Music]",
  },
  Object {
    "id": "cQmntMw_c8I",
    "seconds": 282,
    "title": "Alley - Roa · [Free Copyright-safe Music]",
  },
  Object {
    "id": "ups0Y_U35yg",
    "seconds": 79,
    "title": "Frame - KV [Copyright-safe] | Preview",
  },
  Object {
    "id": "nwV8HN0m2eA",
    "seconds": 230,
    "title": "Elevate - LiQWYD · [Free Copyright-safe Music]",
  },
  Object {
    "id": "Hc6r06k-ADA",
    "seconds": 196,
    "title": "Tropical Sensation - Mike Leite · [Free Copyright-safe Music]",
  },
]
`;
