// Jest Snapshot v1, https://goo.gl/fbAQLP

exports[`knapsack algorithm should return one hour long playlist 1`] = `
Array [
  Object {
    "id": "DtVBCG6ThDk",
    "seconds": 283,
    "title": "Elton John - Rocket Man (Official Music Video)",
  },
  Object {
    "id": "y9ANOzmSKQg",
    "seconds": 243,
    "title": "The White Stripes-Seven Nation Army",
  },
  Object {
    "id": "6c1BThu95d8",
    "seconds": 253,
    "title": "The Rolling Stones - She's A Rainbow (Official Lyric Video)",
  },
  Object {
    "id": "6Ejga4kJUts",
    "seconds": 308,
    "title": "The Cranberries - Zombie (Official Music Video)",
  },
  Object {
    "id": "qeMFqkcPYcg",
    "seconds": 215,
    "title": "Eurythmics, Annie Lennox, Dave Stewart - Sweet Dreams (Are Made Of This) (Official Video)",
  },
  Object {
    "id": "bpOSxM0rNPM",
    "seconds": 266,
    "title": "Arctic Monkeys - Do I Wanna Know? (Official Video)",
  },
  Object {
    "id": "DnGdoEa1tPg",
    "seconds": 173,
    "title": "System Of A Down - Lonely Day (Official Video)",
  },
  Object {
    "id": "bx1Bh8ZvH84",
    "seconds": 278,
    "title": "Oasis - Wonderwall (Official Video)",
  },
  Object {
    "id": "f4Mc-NYPHaQ",
    "seconds": 272,
    "title": "Queen - I Want To Break Free (Official Video)",
  },
  Object {
    "id": "7G2-FPlvY58",
    "seconds": 436,
    "title": "The Doors - Riders on the Storm (Official Audio)",
  },
  Object {
    "id": "krxU5Y9lCS8",
    "seconds": 451,
    "title": "The Rolling Stones - You Can’t Always Get What You Want (Official Lyric Video)",
  },
  Object {
    "id": "gxEPV4kolz0",
    "seconds": 342,
    "title": "Billy Joel - Piano Man (Official Video)",
  },
]
`;
