// Jest Snapshot v1, https://goo.gl/fbAQLP

exports[`knapsack algorithm should return one hour long playlist 1`] = `
Array [
  Object {
    "id": "rixsC0TioYE",
    "seconds": 779,
    "title": "BLACK SABBATH - Live Aid 1985 (Live Video)",
  },
  Object {
    "id": "xbyohIKIsoU",
    "seconds": 229,
    "title": "BLACK SABBATH - \\"Hole in the Sky\\" (Live Video)",
  },
  Object {
    "id": "uMa2ga8gqEw",
    "seconds": 532,
    "title": "BLACK SABBATH - \\"God Is Dead?\\" (Official Video)",
  },
  Object {
    "id": "uDELg7qaFyw",
    "seconds": 295,
    "title": "BLACK SABBATH - \\"Never Say Die\\" (Live Video)",
  },
  Object {
    "id": "6EBk3czZXlQ",
    "seconds": 432,
    "title": "BLACK SABBATH - \\"Dirty Women\\" (Live Video)",
  },
  Object {
    "id": "Jx7jDPDFvuE",
    "seconds": 196,
    "title": "BLACK SABBATH - \\"Electric Funeral\\" (Live Video)",
  },
  Object {
    "id": "Usqq2amB3QE",
    "seconds": 243,
    "title": "Black Sabbath - Behind The Scenes at Rehearsals for THE END",
  },
  Object {
    "id": "Kt0Xuw02TMQ",
    "seconds": 205,
    "title": "BLACK SABBATH - \\"Rock 'N' Roll Doctor\\" (Official Video)",
  },
  Object {
    "id": "2Q6gPouusHs",
    "seconds": 211,
    "title": "BLACK SABBATH - \\"Never Say Die\\" Top of the Pops 1978",
  },
  Object {
    "id": "_cjomffUqCg",
    "seconds": 206,
    "title": "BLACK SABBATH - Gathered In Their Masses (Teaser #2)",
  },
  Object {
    "id": "7gM9vwBD0iA",
    "seconds": 113,
    "title": "BLACK SABBATH - \\"Paranoid\\" at Bilzen Pop Festival (Live Video)",
  },
  Object {
    "id": "rTvv8LsekIo",
    "seconds": 61,
    "title": "BLACK SABBATH - The End Limited Edition Tour CD Commercial",
  },
  Object {
    "id": "ezvVJLeTQ0U",
    "seconds": 88,
    "title": "Black Sabbath - Grammy Nominations Congratulations",
  },
]
`;
