// Jest Snapshot v1, https://goo.gl/fbAQLP

exports[`Generator should render 1`] = `
<div
  className="ui container"
>
  <form
    className="ui form"
    onSubmit={[Function]}
  >
    <h2>
      Option 1:
    </h2>
    <h3>
      Generate randomized dataset
    </h3>
    <div
      className="ui bottom aligned grid"
    >
      <div
        className="eight wide computer sixteen wide mobile column"
      >
        Select dataset size
        <br />
        <small>
          This is the amount of random songs to be selected from the database for the knapsack algorithm.
          <br />
          Select randomized sample of songs. Last button selects all songs and may result in a long playlist generation time.
        </small>
        <br />
        <button
          className="preset dataset "
          onClick={[Function]}
          type="button"
        >
          10
        </button>
        <button
          className="preset dataset "
          onClick={[Function]}
          type="button"
        >
          15
        </button>
        <button
          className="preset dataset "
          onClick={[Function]}
          type="button"
        >
          20
        </button>
        <button
          className="preset dataset "
          onClick={[Function]}
          type="button"
        >
          25
        </button>
        <button
          className="preset dataset "
          onClick={[Function]}
          type="button"
        >
          30
        </button>
        <button
          className="preset dataset "
          onClick={[Function]}
          type="button"
        >
          35
        </button>
        <button
          className="preset dataset "
          onClick={[Function]}
          type="button"
        >
          40
        </button>
        <button
          className="preset dataset "
          onClick={[Function]}
          type="button"
        >
          50
        </button>
        <button
          className="preset dataset "
          onClick={[Function]}
          type="button"
        >
          1200
        </button>
      </div>
      <div
        className="eight wide computer sixteen wide mobile column"
      >
        Select desired playlist length
        <br />
        <small>
          Last button selects the maximum length of the music catalog and may result in a long playlist generation time.
        </small>
        <br />
        <button
          className="preset length "
          onClick={[Function]}
          type="button"
        >
          60
        </button>
        <button
          className="preset length "
          onClick={[Function]}
          type="button"
        >
          120
        </button>
        <button
          className="preset length "
          onClick={[Function]}
          type="button"
        >
          300
        </button>
        <button
          className="preset length "
          onClick={[Function]}
          type="button"
        >
          600
        </button>
        <button
          className="preset length "
          onClick={[Function]}
          type="button"
        >
          1800
        </button>
        <button
          className="preset length "
          onClick={[Function]}
          type="button"
        >
          3600
        </button>
        <button
          className="preset length "
          onClick={[Function]}
          type="button"
        >
          7200
        </button>
        <button
          className="preset length "
          onClick={[Function]}
          type="button"
        >
          100000
        </button>
      </div>
    </div>
  </form>
</div>
`;
