// Jest Snapshot v1, https://goo.gl/fbAQLP

exports[`YouTube model should return list of music 1`] = `
Array [
  Object {
    "id": "gAjR4_CbPpQ",
    "seconds": 223,
    "title": "Daft Punk - Harder Better Faster (Official Video)",
  },
  Object {
    "id": "HhZaHf8RP6g",
    "seconds": 407,
    "title": "Daft Punk - Veridis Quo",
  },
  Object {
    "id": "sOS9aOIXPEk",
    "seconds": 229,
    "title": "Daft Punk - Something About Us (Official Video)",
  },
  Object {
    "id": "3MteSlpxCpo",
    "seconds": 296,
    "title": "[Official Video] Daft Punk - Pentatonix",
  },
  Object {
    "id": "FxzBvqY5PP0",
    "seconds": 265,
    "title": "Daft Punk - Digital Love",
  },
  Object {
    "id": "1V_xRb0x9aw",
    "seconds": 269,
    "title": "Gorillaz - Clint Eastwood (Official Video)",
  },
  Object {
    "id": "djV11Xbc914",
    "seconds": 244,
    "title": "a-ha - Take On Me (Official 4K Music Video)",
  },
  Object {
    "id": "ub747pprmJ8",
    "seconds": 229,
    "title": "Right Here, Right Now by Fatboy Slim [Official Video]",
  },
  Object {
    "id": "wCDIYvFmgW8",
    "seconds": 232,
    "title": "Fatboy Slim - Weapon Of Choice [Official Video]",
  },
  Object {
    "id": "D8K90hX4PrE",
    "seconds": 176,
    "title": "Daft Punk - Technologic",
  },
  Object {
    "id": "UclCCFNG9q4",
    "seconds": 275,
    "title": "Gorillaz - Clint Eastwood",
  },
  Object {
    "id": "sFZjqVnWBhc",
    "seconds": 197,
    "title": "Daft Punk - Robot Rock (Official Video)",
  },
  Object {
    "id": "bRt5z880CFY",
    "seconds": 235,
    "title": "Daft Punk - Superheroes",
  },
  Object {
    "id": "HyHNuVaZJ-k",
    "seconds": 254,
    "title": "Gorillaz - Feel Good Inc. (Official Video)",
  },
  Object {
    "id": "fPO76Jlnz6c",
    "seconds": 257,
    "title": "Coolio - Gangsta's Paradise (feat. L.V.) [Official Music Video]",
  },
  Object {
    "id": "FQlAEiCb8m0",
    "seconds": 264,
    "title": "Stardust - Music Sounds Better With You (Official Music Video)",
  },
  Object {
    "id": "L93-7vRfxNs",
    "seconds": 213,
    "title": "Daft Punk - Aerodynamic",
  },
  Object {
    "id": "KQ6zr6kCPj8",
    "seconds": 376,
    "title": "LMFAO ft. Lauren Bennett, GoonRock - Party Rock Anthem (Official Video)",
  },
  Object {
    "id": "mmi60Bd4jSs",
    "seconds": 335,
    "title": "Daft Punk - Da Funk",
  },
  Object {
    "id": "mMfxI3r_LyA",
    "seconds": 222,
    "title": "Modjo - Lady (Hear Me Tonight) (Official Video)",
  },
  Object {
    "id": "04mfKJWDSzI",
    "seconds": 267,
    "title": "Gorillaz - On Melancholy Hill (Official Video)",
  },
  Object {
    "id": "8UVNT4wvIGY",
    "seconds": 244,
    "title": "Gotye - Somebody That I Used To Know (feat. Kimbra) - official music video",
  },
  Object {
    "id": "HCfPhZQz2CE",
    "seconds": 600,
    "title": "Daft Punk - 'Get Lucky' (10 min loop)",
  },
  Object {
    "id": "Hy8kmNEo1i8",
    "seconds": 211,
    "title": "Scatman (ski-ba-bop-ba-dop-bop) Official Video HD -Scatman John",
  },
  Object {
    "id": "MV_3Dpw-BRY",
    "seconds": 257,
    "title": "Kavinsky - Nightcall (Drive Original Movie Soundtrack) (Official Audio)",
  },
  Object {
    "id": "dKJfJMMsqX4",
    "seconds": 239,
    "title": "Daft Punk - Face To Face",
  },
  Object {
    "id": "nhPaWIeULKk",
    "seconds": 303,
    "title": "Gorillaz - Stylo (Official Video)",
  },
  Object {
    "id": "cLnkQAeMbIM",
    "seconds": 301,
    "title": "Gorillaz - Dirty Harry (Official Video)",
  },
  Object {
    "id": "a5uQMwRMHcs",
    "seconds": 340,
    "title": "Daft Punk ft. Julian Casablancas - Instant Crush (Official Video)",
  },
  Object {
    "id": "NF-kLy44Hls",
    "seconds": 251,
    "title": "Daft Punk - Lose Yourself to Dance (Official Version)",
  },
  Object {
    "id": "PwILkY9gRrc",
    "seconds": 329,
    "title": "Daft Punk - Da Funk (Official audio)",
  },
  Object {
    "id": "uAOR6ib95kQ",
    "seconds": 288,
    "title": "Gorillaz - DARE (Official Video)",
  },
  Object {
    "id": "pMyG_H6sHlM",
    "seconds": 370,
    "title": "Get lucky",
  },
  Object {
    "id": "VFZNvj-HfBU",
    "seconds": 246,
    "title": "Daði Freyr (Daði & Gagnamagnið) – Think About Things (Official Video)",
  },
  Object {
    "id": "QK8mJJJvaes",
    "seconds": 233,
    "title": "MACKLEMORE & RYAN LEWIS - THRIFT SHOP FEAT. WANZ (OFFICIAL VIDEO)",
  },
  Object {
    "id": "iU7oF4OXZSE",
    "seconds": 354,
    "title": "Lose Yourself to Dance",
  },
  Object {
    "id": "pXRviuL6vMY",
    "seconds": 226,
    "title": "twenty one pilots: Stressed Out [OFFICIAL VIDEO]",
  },
  Object {
    "id": "4JkIs37a2JE",
    "seconds": 237,
    "title": "Jamiroquai - Virtual Insanity (Official Video)",
  },
  Object {
    "id": "EDwb9jOVRtU",
    "seconds": 327,
    "title": "Madonna - Hung Up (Official Music Video)",
  },
  Object {
    "id": "XgztfRBc2jM",
    "seconds": 229,
    "title": "Eiffel 65 - Blue [Official Video]",
  },
  Object {
    "id": "5qJp6xlKEug",
    "seconds": 374,
    "title": "Gorillaz - Saturnz Barz (Spirit House)",
  },
  Object {
    "id": "dQw4w9WgXcQ",
    "seconds": 213,
    "title": "Rick Astley - Never Gonna Give You Up (Video)",
  },
  Object {
    "id": "FAD_5NWzM5g",
    "seconds": 242,
    "title": "Estelle - American Boy (feat. Kanye West) [Official Video]",
  },
  Object {
    "id": "qmsbP13xu6k",
    "seconds": 187,
    "title": "Mr Oizo - Flat beat (Official Video with Flat Eric - 1999 - F Communications)",
  },
  Object {
    "id": "YlUKcNNmywk",
    "seconds": 322,
    "title": "Red Hot Chili Peppers - Californication [Official Music Video]",
  },
  Object {
    "id": "h61QG4s0I3U",
    "seconds": 238,
    "title": "The Supermen Lovers (feat. Mani Hoffman) · Starlight (Official Video)",
  },
  Object {
    "id": "9Dz6hK585HM",
    "seconds": 594,
    "title": "I Remember",
  },
  Object {
    "id": "NI6aOFI7hms",
    "seconds": 203,
    "title": "The Cardigans - Lovefool",
  },
  Object {
    "id": "zK1mLIeXwsQ",
    "seconds": 594,
    "title": "deadmau5 & Kaskade - I Remember (HQ)",
  },
  Object {
    "id": "CJinWua98NA",
    "seconds": 283,
    "title": "Capital Cities - Kangaroo Court (Official Music Video)",
  },
  Object {
    "id": "QtXby3twMmI",
    "seconds": 316,
    "title": "Coldplay - Adventure Of A Lifetime (Official Video)",
  },
  Object {
    "id": "em0MknB6wFo",
    "seconds": 233,
    "title": "Daft Punk - Something About Us (Official audio)",
  },
  Object {
    "id": "JtYa0rb_jGQ",
    "seconds": 250,
    "title": "Night Club - \\"Show It 2 Me\\" (Official 360 Video)",
  },
  Object {
    "id": "v0NSeysrDYw",
    "seconds": 219,
    "title": "Bob Sinclar - Love Generation",
  },
  Object {
    "id": "y6120QOlsfU",
    "seconds": 233,
    "title": "Darude - Sandstorm",
  },
  Object {
    "id": "pT68FS3YbQ4",
    "seconds": 192,
    "title": "The Strokes - You Only Live Once (Official Music Video)",
  },
  Object {
    "id": "A2VpR8HahKc",
    "seconds": 321,
    "title": "Daft Punk - One more time (Official audio)",
  },
  Object {
    "id": "5NV6Rdv1a3I",
    "seconds": 249,
    "title": "Daft Punk - Get Lucky (Official Audio) ft. Pharrell Williams, Nile Rodgers",
  },
  Object {
    "id": "2zNSgSzhBfM",
    "seconds": 424,
    "title": "MACKLEMORE & RYAN LEWIS - CAN'T HOLD US FEAT. RAY DALTON (OFFICIAL MUSIC VIDEO)",
  },
  Object {
    "id": "LL-gyhZVvx0",
    "seconds": 261,
    "title": "Daft Punk ft. Panda Bear - Doin' it Right (Official Audio)",
  },
  Object {
    "id": "qTsaS1Tm-Ic",
    "seconds": 236,
    "title": "Basshunter DotA (Offical Video)",
  },
  Object {
    "id": "Q0oIoR9mLwc",
    "seconds": 304,
    "title": "Red Hot Chili Peppers - Dark Necessities [OFFICIAL VIDEO]",
  },
  Object {
    "id": "PWgvGjAhvIw",
    "seconds": 303,
    "title": "OutKast - Hey Ya! (Official Music Video)",
  },
  Object {
    "id": "uGMqAcLFtuI",
    "seconds": 370,
    "title": "Get Lucky",
  },
  Object {
    "id": "9W44NWYwa1g",
    "seconds": 198,
    "title": "Gorillaz - Andromeda (Official Audio)",
  },
  Object {
    "id": "qFLhGq0060w",
    "seconds": 298,
    "title": "The Weeknd - I Feel It Coming ft. Daft Punk (Official Video)",
  },
  Object {
    "id": "6NXnxTNIWkc",
    "seconds": 299,
    "title": "4 Non Blondes - What's Up (Official Video)",
  },
  Object {
    "id": "h_D3VFfhvs4",
    "seconds": 566,
    "title": "Michael Jackson - Smooth Criminal (Official Video)",
  },
  Object {
    "id": "HpZvM1BaV3U",
    "seconds": 238,
    "title": "Colonel Bagshot - Six Day War - YouTube 360 video",
  },
  Object {
    "id": "-e_3Cg9GZFU",
    "seconds": 371,
    "title": "Skrillex - Summit (feat. Ellie Goulding) [Video by Pilerats]",
  },
  Object {
    "id": "yURRmWtbTbo",
    "seconds": 254,
    "title": "Michael Jackson - Don’t Stop 'Til You Get Enough (Official Video)",
  },
  Object {
    "id": "iTFrCbQGyvM",
    "seconds": 585,
    "title": "Underworld - Born Slippy",
  },
  Object {
    "id": "4D7u5KF7SP8",
    "seconds": 370,
    "title": "Get Lucky",
  },
  Object {
    "id": "lVaBvyzuypw",
    "seconds": 358,
    "title": "Gorillaz - Saturnz Barz (Spirit House) 360",
  },
  Object {
    "id": "iArXv64tCJA",
    "seconds": 278,
    "title": "Peter Bjorn And John - Young Folks",
  },
  Object {
    "id": "19WUwZYM7bM",
    "seconds": 286,
    "title": "Ida Corr vs Fedde Le Grand Let Me Think About It (Extended)",
  },
  Object {
    "id": "Gs069dndIYk",
    "seconds": 216,
    "title": "Earth, Wind & Fire - September",
  },
  Object {
    "id": "QSwilU0kJF0",
    "seconds": 371,
    "title": "David Guetta - The World Is Mine",
  },
  Object {
    "id": "GAly0cOLMc8",
    "seconds": 620,
    "title": "The Weeknd - Blinding Lights (Extended 10 Minute Loop)",
  },
  Object {
    "id": "MaO-PvokDMw",
    "seconds": 473,
    "title": "Don't Stop the Music",
  },
  Object {
    "id": "qL7zrWcv6XY",
    "seconds": 244,
    "title": "Drake - One Dance",
  },
  Object {
    "id": "fHI8X4OXluQ",
    "seconds": 204,
    "title": "The Weeknd - Blinding Lights (Official Audio)",
  },
  Object {
    "id": "hAx6mYeC6pY",
    "seconds": 244,
    "title": "Sophie Ellis-Bextor - Murder On The Dancefloor",
  },
  Object {
    "id": "I7HahVwYpwo",
    "seconds": 290,
    "title": "The Black Eyed Peas - Meet Me Halfway (Official Music Video)",
  },
  Object {
    "id": "Rr8ljRgcJNM",
    "seconds": 259,
    "title": "Rammstein - Amerika (Official Video)",
  },
  Object {
    "id": "1M4ADcMn3dA",
    "seconds": 360,
    "title": "Rammstein - Keine Lust (Official Video)",
  },
  Object {
    "id": "8AHCfZTRGiI",
    "seconds": 229,
    "title": "Johnny Cash - Hurt (Official Music Video)",
  },
  Object {
    "id": "hC869VWk9_A",
    "seconds": 259,
    "title": "Rammstein - Reise, Reise",
  },
  Object {
    "id": "YgGzAKP_HuM",
    "seconds": 239,
    "title": "RASPUTIN - Vladimir Putin - Love The Way You Move (Funk Overload) @slocband",
  },
  Object {
    "id": "l3QNCrl6EqQ",
    "seconds": 365,
    "title": "Rammstein - Deutschland (FULL COVER)",
  },
  Object {
    "id": "oVWEb-At8yc",
    "seconds": 370,
    "title": "SABATON - Bismarck (Official Music Video)",
  },
  Object {
    "id": "af59U2BRRAU",
    "seconds": 240,
    "title": "Rammstein - Rosenrot (Official Video)",
  },
  Object {
    "id": "kFr8SdOS5ic",
    "seconds": 281,
    "title": "The Prodigy - The Day Is My Enemy (Fury Road)",
  },
  Object {
    "id": "lV6x2Ctk6CI",
    "seconds": 327,
    "title": "Rammstein - Du hast (Live in Russia Trailer, Multicam By Vinz)",
  },
  Object {
    "id": "oGSLGtTFviA",
    "seconds": 273,
    "title": "Rammstein - Sonne (Official Audio)",
  },
  Object {
    "id": "GX0GXhDLaC4",
    "seconds": 268,
    "title": "Top 10 Craziest Rammstein Moments",
  },
  Object {
    "id": "v4xZUr0BEfE",
    "seconds": 353,
    "title": "The HU - Yuve Yuve Yu (Official Music Video)",
  },
  Object {
    "id": "6iaxDxHUWP8",
    "seconds": 266,
    "title": "Rammstein - Mein Land (Official Video)",
  },
  Object {
    "id": "V9AbeALNVkk",
    "seconds": 392,
    "title": "Twisted Sister - We're Not Gonna Take it (Extended Version) (Official Music Video)",
  },
  Object {
    "id": "7TBYwpQtl5M",
    "seconds": 385,
    "title": "Rammstein - Engel (Hurricane Festival 2016) PROSHOT HD [GER/ENG/RU/ES/FR]",
  },
  Object {
    "id": "hiOjK992bPU",
    "seconds": 243,
    "title": "LINDEMANN - Steh auf (Official Video)",
  },
  Object {
    "id": "WXv31OmnKqQ",
    "seconds": 307,
    "title": "Rammstein - Mein Herz Brennt (Official Video)",
  },
  Object {
    "id": "_lK4cX5xGiQ",
    "seconds": 293,
    "title": "Tenacious D - Tribute (Video)",
  },
  Object {
    "id": "QLGG_GD3iPs",
    "seconds": 257,
    "title": "RAMMSTEIN - Moskau - Москва (перевод)",
  },
  Object {
    "id": "LIPc1cfS-oQ",
    "seconds": 342,
    "title": "Rammstein - Ohne Dich (Official Video)",
  },
  Object {
    "id": "W3q8Od5qJio",
    "seconds": 236,
    "title": "Rammstein - Du Hast (Official Video)",
  },
  Object {
    "id": "Dji_km6UJvA",
    "seconds": 446,
    "title": "LINDEMANN - Frau & Mann (Official Video)",
  },
  Object {
    "id": "GukNjYQZW8s",
    "seconds": 272,
    "title": "Rammstein - Haifisch (Official Video)",
  },
  Object {
    "id": "uMK0prafzw0",
    "seconds": 293,
    "title": "DIE ANTWOORD - UGLY BOY",
  },
  Object {
    "id": "VJboSby7nW0",
    "seconds": 297,
    "title": "Russian Rammstein - Du Riechst So Gut",
  },
  Object {
    "id": "10JDA8SvwX8",
    "seconds": 235,
    "title": "Rammstein - Stripped (Official Video)",
  },
  Object {
    "id": "xkEju-deJsE",
    "seconds": 202,
    "title": "LINDEMANN - Ach so gern (One Shot Video)",
  },
  Object {
    "id": "EOnSh3QlpbQ",
    "seconds": 246,
    "title": "Rammstein - Ich Will (Official Video)",
  },
  Object {
    "id": "CSvFpBOe8eY",
    "seconds": 207,
    "title": "System Of A Down - Chop Suey! (Official Video)",
  },
  Object {
    "id": "U7IUA8W8xuM",
    "seconds": 331,
    "title": "RAGE AGAINST THE MACHINE - KILLING IN THE NAME - HARDCORE WORLDWIDE (OFFICIAL VERSION HCWW)",
  },
  Object {
    "id": "gNdnVVHfseA",
    "seconds": 228,
    "title": "Rammstein - Mutter (Official Video)",
  },
  Object {
    "id": "uT3SBzmDxGk",
    "seconds": 299,
    "title": "2CELLOS - Thunderstruck [OFFICIAL VIDEO]",
  },
  Object {
    "id": "B9FzVhw8_bY",
    "seconds": 250,
    "title": "The Dead South - In Hell I'll Be In Good Company [Official Music Video]",
  },
  Object {
    "id": "jM8dCGIm6yc",
    "seconds": 397,
    "title": "The HU - Wolf Totem (Official Music Video)",
  },
  Object {
    "id": "cegdR0GiJl4",
    "seconds": 313,
    "title": "Die Antwoord - Enter The Ninja (Explicit Version) (Official Video)",
  },
  Object {
    "id": "v2AC41dglnM",
    "seconds": 293,
    "title": "AC/DC - Thunderstruck (Official Video)",
  },
  Object {
    "id": "IxuEtL7gxoM",
    "seconds": 238,
    "title": "Rammstein - Ich Tu Dir Weh (Official Video)",
  },
  Object {
    "id": "lzeNBRbWXpI",
    "seconds": 310,
    "title": "SABATON - Uprising (Official Music Video)",
  },
  Object {
    "id": "NT714sj011w",
    "seconds": 257,
    "title": "Rammstein - Moskau (Official Audio)",
  },
  Object {
    "id": "Ph-CA_tu5KA",
    "seconds": 217,
    "title": "Rammstein - Links 2 3 4 (Official Video)",
  },
  Object {
    "id": "6fVE8kSM43I",
    "seconds": 214,
    "title": "Slipknot - Duality [OFFICIAL VIDEO]",
  },
  Object {
    "id": "iywaBOMvYLI",
    "seconds": 224,
    "title": "System Of A Down - Toxicity (Official Video)",
  },
  Object {
    "id": "i0VtTMs6Mz4",
    "seconds": 321,
    "title": "Great Big White World - Marilyn Manson",
  },
  Object {
    "id": "cTCXDdHUFE8",
    "seconds": 18,
    "title": "The Passion for Music – Short",
  },
  Object {
    "id": "_S85d4MX7-I",
    "seconds": 181,
    "title": "Worldburn - Sense of Security",
  },
  Object {
    "id": "SDH-Nywqka0",
    "seconds": 224,
    "title": "Worldburn - Shortcut",
  },
  Object {
    "id": "nYIFe8NuIfQ",
    "seconds": 292,
    "title": "Worldburn - Oblivious",
  },
  Object {
    "id": "h0hnpLj6yn0",
    "seconds": 244,
    "title": "Worldburn - Era of Consumption",
  },
  Object {
    "id": "ZUVyRCrmRSU",
    "seconds": 254,
    "title": "Worldburn - A.I.",
  },
  Object {
    "id": "WKX07TdqhWs",
    "seconds": 376,
    "title": "Worldburn - Gluttony",
  },
  Object {
    "id": "-hdn4980H0g",
    "seconds": 462,
    "title": "Worldburn - Process",
  },
  Object {
    "id": "ZzUMrfu1rPY",
    "seconds": 173,
    "title": "Worldburn - Velkavaltio",
  },
  Object {
    "id": "8PLjvuJgD1Y",
    "seconds": 258,
    "title": "Worldburn - Refuse to Suffer",
  },
  Object {
    "id": "1qK4Igowpzg",
    "seconds": 174,
    "title": "Worldburn - Babylonian kahleet",
  },
  Object {
    "id": "GpQRE-hLqQs",
    "seconds": 43,
    "title": "Worldburn - Steroid Penis",
  },
  Object {
    "id": "F2fnsrGCTPk",
    "seconds": 293,
    "title": "Worldburn - Nuclear Flatulence",
  },
  Object {
    "id": "snz37PD6Vms",
    "seconds": 227,
    "title": "Worldburn - Rise",
  },
  Object {
    "id": "EEgUKii2ycM",
    "seconds": 243,
    "title": "Worldburn - Crush the Faithless",
  },
  Object {
    "id": "StZcUAPRRac",
    "seconds": 253,
    "title": "Rammstein - Sonne (Official Video)",
  },
  Object {
    "id": "x2rQzv8OWEY",
    "seconds": 266,
    "title": "Rammstein - Engel (Official Video)",
  },
  Object {
    "id": "NeQM1c-XCDc",
    "seconds": 563,
    "title": "Rammstein - Deutschland (Official Video)",
  },
  Object {
    "id": "ZkW-K5RQdzo",
    "seconds": 191,
    "title": "Rammstein - Feuer Frei! (Official Video)",
  },
  Object {
    "id": "z0NfI2NeDHI",
    "seconds": 291,
    "title": "Rammstein - Radio (Official Video)",
  },
  Object {
    "id": "PBvwcH4XX6U",
    "seconds": 275,
    "title": "Rammstein - Mein Teil (Official Video)",
  },
  Object {
    "id": "rrmsJhf89MY",
    "seconds": 265,
    "title": "Rammstein - Du Riechst So Gut '98 (Official Video)",
  },
  Object {
    "id": "pat2c33sbog",
    "seconds": 281,
    "title": "Rammstein - Ausländer (Official Video)",
  },
  Object {
    "id": "vqnk9HWbKRA",
    "seconds": 320,
    "title": "Rammstein: Paris - Wollt Ihr Das Bett In Flammen Sehen? (Official Video)",
  },
  Object {
    "id": "z0wK6s-6cbo",
    "seconds": 212,
    "title": "Rammstein - Benzin (Official Video)",
  },
  Object {
    "id": "U5HAEzEk8QM",
    "seconds": 273,
    "title": "Rammstein: Paris - Du Hast (Official Video)",
  },
  Object {
    "id": "_EVKy35L7MM",
    "seconds": 232,
    "title": "Rammstein - Mann Gegen Mann (Official Video)",
  },
  Object {
    "id": "Q344Zgh_btE",
    "seconds": 326,
    "title": "Rammstein - Rammlied (Live from Madison Square Garden)",
  },
  Object {
    "id": "srN1GsnBui8",
    "seconds": 262,
    "title": "Rammstein - Seemann (Official Video)",
  },
  Object {
    "id": "Dv6Th7kJ64Q",
    "seconds": 285,
    "title": "Rammstein - Mein Herz Brennt, Piano Version (Official Video)",
  },
  Object {
    "id": "_sM2sKk4DPM",
    "seconds": 272,
    "title": "Rammstein - Rammstein (Official Video)",
  },
  Object {
    "id": "9bJP7Qe41Fk",
    "seconds": 310,
    "title": "Rammstein: Paris - Links 2 3 4 (Official Video)",
  },
  Object {
    "id": "DG9TeLISmZU",
    "seconds": 328,
    "title": "Rammstein: Paris - Mutter (Official Video)",
  },
  Object {
    "id": "3XfJEhGlCzc",
    "seconds": 405,
    "title": "Rammstein - Ich Tu Dir Weh (Live at Hurricane Festival 2016)",
  },
  Object {
    "id": "MxFfS-X3Xoo",
    "seconds": 412,
    "title": "Rammstein - Ramm4 (Live at Hellfest 2016)",
  },
  Object {
    "id": "Qs8c6FCwkbk",
    "seconds": 261,
    "title": "Rammstein - Reise, Reise (Live at Hellfest 2016)",
  },
  Object {
    "id": "UGoCSMr0k6U",
    "seconds": 255,
    "title": "Rammstein - Halleluja (Live at Highfield Festival 2016)",
  },
  Object {
    "id": "RCmZliDQ-7c",
    "seconds": 354,
    "title": "Rammstein - Amerika (Live at Rock im Park 2017)",
  },
  Object {
    "id": "rlm6FHP9VQM",
    "seconds": 272,
    "title": "Rammstein - Spiel Mit Mir (Philipshalle Düsseldorf 1997)",
  },
  Object {
    "id": "CcZHxomhwzg",
    "seconds": 255,
    "title": "Rammstein - Sehnsucht (Berlin Wuhlheide 1998)",
  },
  Object {
    "id": "X9IcVi7l5Tc",
    "seconds": 494,
    "title": "Rammstein - Weisses Fleisch & Asche zu Asche (Big Day Out Festival 2001)",
  },
  Object {
    "id": "R9U7jGk26QM",
    "seconds": 243,
    "title": "Rammstein - Ich will (Völkerball Version)",
  },
  Object {
    "id": "Y42YJ-i5jW0",
    "seconds": 117,
    "title": "Rammstein: Paris",
  },
  Object {
    "id": "fksLPwPXQD0",
    "seconds": 575,
    "title": "Rammstein - Herzeleid & Seemann (Arena Berlin 1996)",
  },
  Object {
    "id": "hTWKbfoikeg",
    "seconds": 279,
    "title": "Nirvana - Smells Like Teen Spirit (Official Music Video)",
  },
  Object {
    "id": "PbgKEjNBHqM",
    "seconds": 300,
    "title": "Nirvana - In Bloom (Official Video)",
  },
  Object {
    "id": "AhcttcXcRYY",
    "seconds": 185,
    "title": "Nirvana - About A Girl (MTV Unplugged)",
  },
  Object {
    "id": "aWmkuH1k7uA",
    "seconds": 220,
    "title": "Nirvana - All Apologies (MTV Unplugged)",
  },
  Object {
    "id": "qv96yJYhk3M",
    "seconds": 223,
    "title": "Nirvana - You Know You're Right",
  },
  Object {
    "id": "QECJ9pCyhns",
    "seconds": 132,
    "title": "Nirvana - Sliver (Official Video)",
  },
  Object {
    "id": "R3XIGon2RjY",
    "seconds": 331,
    "title": "Nirvana - Smells Like Teen Spirit (Official Live at Reading 1992)",
  },
  Object {
    "id": "Ee6xkwVucIE",
    "seconds": 181,
    "title": "Nirvana - Breed",
  },
  Object {
    "id": "UThKn_TmfmM",
    "seconds": 285,
    "title": "Nirvana - Heart-Shaped Box (Director's Cut)",
  },
  Object {
    "id": "PvwqSMRtoSI",
    "seconds": 267,
    "title": "Nirvana - Aneurysm (Live at Reading 1992)",
  },
  Object {
    "id": "peclQi67KS8",
    "seconds": 149,
    "title": "Nirvana - Dumb (Live at Reading 1992)",
  },
  Object {
    "id": "SJLe1UTqKvA",
    "seconds": 268,
    "title": "Nirvana - Lithium (Live at Reading 1992) [Official Video]",
  },
  Object {
    "id": "OgeR2oqZGTs",
    "seconds": 259,
    "title": "Nirvana - The Man Who Sold The World (Live On MTV Unplugged, 1993 / Unedited)",
  },
  Object {
    "id": "IPSYplu_3fA",
    "seconds": 171,
    "title": "Nirvana - Polly (Live at Reading 1992)",
  },
  Object {
    "id": "rvEL4pbR6S8",
    "seconds": 226,
    "title": "Nirvana - Drain You (Live at Reading 1992)",
  },
  Object {
    "id": "Fa30bdEXNeM",
    "seconds": 167,
    "title": "Nirvana - School (Live At Reading 1992)",
  },
  Object {
    "id": "z9LiPuVRyU8",
    "seconds": 276,
    "title": "Nirvana - Come As You Are (Live On MTV Unplugged, 1993 / Unedited)",
  },
  Object {
    "id": "3YtH2rjrfaI",
    "seconds": 223,
    "title": "Nirvana - Stay Away (Live at Reading 1992)",
  },
  Object {
    "id": "wt0qhMEg-Xk",
    "seconds": 170,
    "title": "Nirvana - Rape Me (Live On \\"Nulle Part Ailleurs\\", Paris, France/1994)",
  },
  Object {
    "id": "7xeasq05zxc",
    "seconds": 160,
    "title": "Nirvana - Lounge Act (Live at Reading 1992)",
  },
  Object {
    "id": "1YhR5UfaAzM",
    "seconds": 490,
    "title": "Nirvana - Something In The Way (Live On MTV Unplugged Unedited, 1993)",
  },
  Object {
    "id": "ZXZknkAJdAs",
    "seconds": 280,
    "title": "Nirvana - The Man Who Sold The World (Live On MTV Unplugged, 1993 / Rehearsal)",
  },
  Object {
    "id": "x6XBlkvTmv8",
    "seconds": 152,
    "title": "Nirvana - Territorial Pissings (Live At The Paramount/1991)",
  },
  Object {
    "id": "0oBHEvYAJnY",
    "seconds": 226,
    "title": "Nirvana - D-7 (Live at Reading 1992)",
  },
  Object {
    "id": "d4LdUQzCPPM",
    "seconds": 241,
    "title": "Nirvana - Lake Of Fire (Live On MTV Unplugged, 1993 / Unedited)",
  },
  Object {
    "id": "m0drC8qVMRk",
    "seconds": 191,
    "title": "Nirvana - All Apologies (Live at Reading 1992)",
  },
  Object {
    "id": "GtBhclCigH0",
    "seconds": 281,
    "title": "Nirvana - Dumb (Live On MTV Unplugged, 1993 / Unedited)",
  },
  Object {
    "id": "lxNYAe85L20",
    "seconds": 192,
    "title": "Nirvana - Spank Thru (Live at Reading 1992)",
  },
  Object {
    "id": "1J3uj2wqPPA",
    "seconds": 140,
    "title": "Nirvana - The Money Will Roll Right In (Live at Reading 1992)",
  },
  Object {
    "id": "wlVdPl-oEmg",
    "seconds": 115,
    "title": "Nirvana - Tourette's (Live at Reading 1992)",
  },
  Object {
    "id": "97KwmvleRok",
    "seconds": 193,
    "title": "Nirvana - Blew (Live at Reading 1992)",
  },
  Object {
    "id": "bVjeYbRmkQ4",
    "seconds": 278,
    "title": "Nirvana - Jesus Doesn't Want Me For A Sunbeam (Live On MTV Unplugged, 1993 / Unedited)",
  },
  Object {
    "id": "YLrfVAdYuTY",
    "seconds": 132,
    "title": "Nirvana - Been A Son (Live at Reading 1992)",
  },
  Object {
    "id": "3H0NHHKBemg",
    "seconds": 228,
    "title": "Nirvana - Polly (Live On MTV Unplugged, 1993 / Unedited)",
  },
  Object {
    "id": "_jFzDbsGK54",
    "seconds": 231,
    "title": "Nirvana - Drain You (Live At Paradiso, Amsterdam)",
  },
  Object {
    "id": "RMBVzcjPiyo",
    "seconds": 166,
    "title": "Nirvana - Negative Creep (Live In Europe/1991)",
  },
  Object {
    "id": "80B_yiN2FH8",
    "seconds": 222,
    "title": "Nirvana - On A Plain (Live On MTV Unplugged, 1993 / Unedited)",
  },
  Object {
    "id": "T5LtSKKr7oY",
    "seconds": 206,
    "title": "Nirvana - Oh Me (Live On MTV Unplugged, 1993 / Unedited)",
  },
  Object {
    "id": "ZEh3mO9MPV0",
    "seconds": 198,
    "title": "Nirvana - Love Buzz (Live At The Paramount, Seattle / 1991)",
  },
  Object {
    "id": "KWbXFlH9cQs",
    "seconds": 213,
    "title": "Nirvana - Come As You Are (Live And Loud, Seattle / 1993)",
  },
  Object {
    "id": "iz3tmYDl6XI",
    "seconds": 264,
    "title": "Nirvana - The Man Who Sold The World (Live And Loud, Seattle / 1993)",
  },
  Object {
    "id": "ly1lWkRwm6g",
    "seconds": 187,
    "title": "Nirvana - Me (Live At The Paramount, Seattle / 1991)",
  },
  Object {
    "id": "e3ZAJevR_4Q",
    "seconds": 255,
    "title": "Nirvana - Lithium (Live At The Paramount, Seattle / 1991)",
  },
  Object {
    "id": "QVlo81A5mHc",
    "seconds": 197,
    "title": "Nirvana - Blew (Live And Loud, Seattle / 1993)",
  },
  Object {
    "id": "ikkhmkAH72U",
    "seconds": 147,
    "title": "Nirvana - My Best Friend's Girl (Live In Munich, Germany/1994)",
  },
  Object {
    "id": "EO9l8TooOFg",
    "seconds": 279,
    "title": "Nirvana - Plateau (Live On MTV Unplugged, 1993 / Rehearsal)",
  },
  Object {
    "id": "L6PTI0Gh5zU",
    "seconds": 217,
    "title": "Nirvana - Pennyroyal Tea (Live And Loud, Seattle / 1993)",
  },
  Object {
    "id": "ckQOotKob6E",
    "seconds": 167,
    "title": "Nirvana - About A Girl (Live at the Paramount Theatre)",
  },
  Object {
    "id": "H96MEx73tDc",
    "seconds": 230,
    "title": "Nirvana - Radio Friendly Unit Shifter (Live And Loud, Seattle / 1993)",
  },
  Object {
    "id": "RTDIzedHTiY",
    "seconds": 190,
    "title": "Nirvana - Jesus Doesn't Want Me For A Sunbeam (Live At The Paramount, Seattle / 1991)",
  },
  Object {
    "id": "nDF-GEzTjFI",
    "seconds": 120,
    "title": "Nirvana - Sliver (Live And Loud, Seattle / 1993)",
  },
  Object {
    "id": "DeoWhvsyOZ8",
    "seconds": 151,
    "title": "Nirvana - School (Live At The Paramount, Seattle / 1991)",
  },
  Object {
    "id": "qofd8l27ieY",
    "seconds": 141,
    "title": "Nirvana - Floyd The Barber (Live At The Paramount, Seattle / 1991)",
  },
  Object {
    "id": "BMNggCLznsY",
    "seconds": 193,
    "title": "Nirvana - Serve The Servants (Live And Loud, Seattle / 1993)",
  },
  Object {
    "id": "Rc9jkAwSuvw",
    "seconds": 186,
    "title": "PMMP - Täti Monika (Video)",
  },
  Object {
    "id": "uLwU8jNmDNk",
    "seconds": 191,
    "title": "PMMP - Koko show (YleX ensisoitto)",
  },
  Object {
    "id": "nkV9uq7cdfE",
    "seconds": 246,
    "title": "PMMP - Lautturi (Video)",
  },
  Object {
    "id": "uW8m_w75vRs",
    "seconds": 201,
    "title": "PMMP - Rusketusraidat",
  },
  Object {
    "id": "QjJ7drm_oqE",
    "seconds": 202,
    "title": "PMMP - Pikkuveli",
  },
  Object {
    "id": "xu51l6Ei8dE",
    "seconds": 231,
    "title": "PMMP - Joutsenet",
  },
  Object {
    "id": "_KvM_l1Z1UY",
    "seconds": 296,
    "title": "PMMP - Joku raja (Official Video)",
  },
  Object {
    "id": "xBGTDL3Ceko",
    "seconds": 237,
    "title": "PMMP - Matkalaulu",
  },
  Object {
    "id": "a5yN_TEf5bU",
    "seconds": 166,
    "title": "Katinka",
  },
  Object {
    "id": "kb9BILNEiSM",
    "seconds": 247,
    "title": "PMMP - Rakkaalleni",
  },
  Object {
    "id": "gXtYcDCnOH4",
    "seconds": 201,
    "title": "pmmp-oo siellä jossain mun",
  },
  Object {
    "id": "xtvZxMcGADQ",
    "seconds": 270,
    "title": "PMMP - Heliumpallo",
  },
  Object {
    "id": "qW19EIVQXgs",
    "seconds": 235,
    "title": "PMMP - Henkilökohtaisesti (Video)",
  },
  Object {
    "id": "paO_XFJr85s",
    "seconds": 224,
    "title": "PMMP - Tässä elämä on (Videoanimaatio)",
  },
  Object {
    "id": "aPm7mlXs7p0",
    "seconds": 230,
    "title": "Kesäkaverit-PMMP",
  },
  Object {
    "id": "1Glohk5vPOk",
    "seconds": 219,
    "title": "PMMP - Kovemmat kädet",
  },
  Object {
    "id": "PUohs9j9jAw",
    "seconds": 217,
    "title": "PMMP - Päiväkoti",
  },
  Object {
    "id": "wYkY09_RH-I",
    "seconds": 246,
    "title": "PMMP - Pariterapiaa",
  },
  Object {
    "id": "7zrS7kbLFss",
    "seconds": 263,
    "title": "PMMP - Tytöt",
  },
  Object {
    "id": "6Q2Lm6JUy_w",
    "seconds": 290,
    "title": "PMMP -Päiväkoti",
  },
  Object {
    "id": "yPFfX148FLU",
    "seconds": 192,
    "title": "PMMP Isin pikku tyttö",
  },
  Object {
    "id": "pbe-r0ZUE28",
    "seconds": 247,
    "title": "PMMP - Viimeinen valitusvirsi (Video)",
  },
  Object {
    "id": "XsolKDLiKlA",
    "seconds": 244,
    "title": "Pmmp matoja",
  },
  Object {
    "id": "NSaelIrQGdE",
    "seconds": 218,
    "title": "PMMP - Kumivirsi LYRICS",
  },
  Object {
    "id": "Xr6sNseOuSQ",
    "seconds": 247,
    "title": "PMMP - Niina (with lyrics)",
  },
  Object {
    "id": "RYTdixMf5zA",
    "seconds": 287,
    "title": "PMMP @ lutakko",
  },
  Object {
    "id": "7nk0yKu1kLs",
    "seconds": 230,
    "title": "PMMP - Mummola",
  },
  Object {
    "id": "TtWFdXUFuYc",
    "seconds": 174,
    "title": "Pmmp - Mustan kissan tango",
  },
  Object {
    "id": "veRanCpnQ-4",
    "seconds": 247,
    "title": "PMMP - Jeesus ei tule oletko valmis (YleX ensisoitto)",
  },
  Object {
    "id": "fELKSbNpi1Q",
    "seconds": 218,
    "title": "PMMP - Kesä -95",
  },
  Object {
    "id": "yT7GNC3cauE",
    "seconds": 236,
    "title": "PMMP - Olkaa yksin ja juoskaa karkuun",
  },
  Object {
    "id": "1vtrVtAdQfs",
    "seconds": 211,
    "title": "Pmmp - Minä soitan harmonikkaa",
  },
  Object {
    "id": "BWqv3DJoTIY",
    "seconds": 233,
    "title": "PMMP - Veden Varaan - 09 Lapsuus Loppui",
  },
  Object {
    "id": "fNOKKDqnYTw",
    "seconds": 139,
    "title": "PMMP - Magdaleena (Official Music Video)",
  },
  Object {
    "id": "1Cvl-OuRn68",
    "seconds": 505,
    "title": "PMMP - Veden Varaan - 10 Se Vaikenee Joka Pelkää",
  },
  Object {
    "id": "l6tG3Bjw1No",
    "seconds": 174,
    "title": "PMMP jospa minä kissan saisin.wmv",
  },
  Object {
    "id": "qqR2AcMl-qA",
    "seconds": 189,
    "title": "PMMP - Korkeasaari",
  },
  Object {
    "id": "SoLOsGapu8Y",
    "seconds": 170,
    "title": "Hyvin hiljaa",
  },
  Object {
    "id": "yoBGC8E8Kcg",
    "seconds": 233,
    "title": "PMMP - Salla tahtoo siivet",
  },
  Object {
    "id": "mY0nXR2fpic",
    "seconds": 242,
    "title": "PMMP - Valloittamaton (Audio video)",
  },
  Object {
    "id": "8OcNiXYNaXQ",
    "seconds": 231,
    "title": "PMMP - Pahvinaamari (YleX ensisoitto)",
  },
  Object {
    "id": "2wDHV6Sgc88",
    "seconds": 252,
    "title": "PMMP - Kuvia",
  },
  Object {
    "id": "MYUNrQDN0eY",
    "seconds": 268,
    "title": "PMMP - Veden Varaan - 07 Merimiehen Vaimo",
  },
  Object {
    "id": "vsQo0C4Hsgg",
    "seconds": 187,
    "title": "PMMP - 4ever young (YleX ensisoitto)",
  },
  Object {
    "id": "GmL-sdLeFUw",
    "seconds": 217,
    "title": "PMMP -Taiteilia.wmv",
  },
  Object {
    "id": "rNAMj06ityo",
    "seconds": 223,
    "title": "PMMP- Kiitos sings Villa ja Laura",
  },
  Object {
    "id": "eJNF1fQCi_8",
    "seconds": 229,
    "title": "Puuhevonen",
  },
  Object {
    "id": "vjbzG5N7eZ4",
    "seconds": 234,
    "title": "PMMP - Onko Sittenkään Hyvä Näin",
  },
  Object {
    "id": "CAw4qNOP4dM",
    "seconds": 169,
    "title": "Pmmp: neljä kissanpoikaa",
  },
  Object {
    "id": "p5iwq145Ftc",
    "seconds": 256,
    "title": "PMMP @ lutakko jyväskylä",
  },
  Object {
    "id": "9KEVObbduHk",
    "seconds": 141,
    "title": "PMMP - Etkö ymmärrä",
  },
  Object {
    "id": "jnDEPXVIWeg",
    "seconds": 133,
    "title": "PMMP Pikku Pikku Lauri",
  },
  Object {
    "id": "uIfz_OHmLhw",
    "seconds": 131,
    "title": "Lörpötys",
  },
  Object {
    "id": "juZbPBX_T5g",
    "seconds": 242,
    "title": "PMMP - Kevään valo (YleX ensisoitto)",
  },
  Object {
    "id": "B0akNJp6rIA",
    "seconds": 247,
    "title": "PMMP - Poika",
  },
  Object {
    "id": "1dP460g092M",
    "seconds": 261,
    "title": "PMMP - Veden Varaan - 02 San Francisco",
  },
  Object {
    "id": "CatyldKFT6c",
    "seconds": 118,
    "title": "Middas ♠️ Malaik -- Suojelusenkeli",
  },
  Object {
    "id": "OoJW-UorpkA",
    "seconds": 270,
    "title": "PMMP - Veden Varaan - 05 Taajama",
  },
  Object {
    "id": "gFdAJAm1mRU",
    "seconds": 252,
    "title": "Inuyasha's Tribute To Kikyo (PMMP -Onni)",
  },
  Object {
    "id": "gCIJ6jr9h0k",
    "seconds": 218,
    "title": "Päät soittaa",
  },
  Object {
    "id": "1KiygvaneOE",
    "seconds": 215,
    "title": "PMMP- Odotan sings Villa and Laura",
  },
  Object {
    "id": "PN2s92hLgl4",
    "seconds": 177,
    "title": "PMMP - Atsipoppaa",
  },
  Object {
    "id": "UnDand-dPh4",
    "seconds": 199,
    "title": "Hyljätty nukke",
  },
  Object {
    "id": "wG_ftc0U4TU",
    "seconds": 253,
    "title": "SÄPINÄÄ PMMP 2003 Cover Maukka Perusjätkä",
  },
  Object {
    "id": "2_5jZHjulmE",
    "seconds": 303,
    "title": "PMMP -Kohkausrock",
  },
  Object {
    "id": "S8Kl3itDub0",
    "seconds": 221,
    "title": "Pmmp Ikuinen leikki",
  },
  Object {
    "id": "ark9FH6oQBI",
    "seconds": 220,
    "title": "PMMP - Toivo (YleX ensisoitto)",
  },
  Object {
    "id": "zmRh4Yhh_eI",
    "seconds": 303,
    "title": "PMMP - Leskiäidin tyttäret",
  },
  Object {
    "id": "EDpFlRjlfEU",
    "seconds": 77,
    "title": "PMMP - Saunalaulu (Rusketusraidat Demo)",
  },
  Object {
    "id": "29i2h3oALWA",
    "seconds": 231,
    "title": "PMMP - Veden Varaan - 08 Tulva",
  },
  Object {
    "id": "0VsvvjVmpn4",
    "seconds": 139,
    "title": "PMMP",
  },
  Object {
    "id": "3VFfYNhT3B8",
    "seconds": 211,
    "title": "PMMP - Onnellinen Päivä",
  },
  Object {
    "id": "nPZ8hawiuhk",
    "seconds": 137,
    "title": "Mikkitelineestä on puolet minun",
  },
  Object {
    "id": "mKK32ZB12bA",
    "seconds": 259,
    "title": "Nylon Beat - Rakastuin mä looseriin",
  },
  Object {
    "id": "ZCmDWwJ30OI",
    "seconds": 201,
    "title": "Nylon Beat : Satasen laina",
  },
  Object {
    "id": "acdkmEdv_q4",
    "seconds": 220,
    "title": "Nylon Beat : Seksi vie ja taksi tuo",
  },
  Object {
    "id": "OHwRoRB6u_0",
    "seconds": 258,
    "title": "NYLON BEAT like a fool",
  },
  Object {
    "id": "qz1UF2u5Ml4",
    "seconds": 254,
    "title": "Nylon Beat - Naparengas",
  },
  Object {
    "id": "IYdHCjXcs1E",
    "seconds": 160,
    "title": "【Nightcore】Viimeinen - Nylon Beat ᴴᴰ",
  },
  Object {
    "id": "VRXCmKTglSE",
    "seconds": 236,
    "title": "Nylon Beat - Anna Mulle",
  },
  Object {
    "id": "gBc3KGBhkPM",
    "seconds": 217,
    "title": "Nylon Beat : Syytön",
  },
  Object {
    "id": "wkvB2kGHthM",
    "seconds": 231,
    "title": "Nylon Beat - Teflon love",
  },
  Object {
    "id": "rnP8AKAh_7M",
    "seconds": 206,
    "title": "Nylon Beat - Kuumalle hiekalle",
  },
  Object {
    "id": "rlw55eWg1To",
    "seconds": 219,
    "title": "Nylon Beat - Psykedeliaa",
  },
  Object {
    "id": "J5iL9TmIWO4",
    "seconds": 231,
    "title": "Nylon beat huume",
  },
  Object {
    "id": "h1ocTybO5bI",
    "seconds": 238,
    "title": "Nylon Beat - 12 Apinaa",
  },
  Object {
    "id": "H1-4J_YnYE8",
    "seconds": 203,
    "title": "Nylon Beat - Nukutaan",
  },
  Object {
    "id": "jJTWhJMXCEo",
    "seconds": 243,
    "title": "Nylon Beat - Syytön",
  },
  Object {
    "id": "whu4_AXeHxg",
    "seconds": 221,
    "title": "Nylon Beat - Jos (alkuperäinen versio)",
  },
  Object {
    "id": "5NtkyUmCPO4",
    "seconds": 216,
    "title": "Nylon Beat - Sanoja",
  },
  Object {
    "id": "JcB8hIbMHLo",
    "seconds": 213,
    "title": "Nylon Beat- Orja",
  },
  Object {
    "id": "L6LF41vQqVY",
    "seconds": 228,
    "title": "Nylon Beat-Sairaanfuckingkipeenraastavaa",
  },
  Object {
    "id": "HPpBbxSqAiE",
    "seconds": 267,
    "title": "Nylon Beat - Jonain päivänä",
  },
  Object {
    "id": "htHcXof3FfY",
    "seconds": 244,
    "title": "Ainut jonka sain",
  },
  Object {
    "id": "tNc5IA7IFVA",
    "seconds": 199,
    "title": "Nylon Beat - Hei DJ",
  },
  Object {
    "id": "4QMwExmtV-k",
    "seconds": 211,
    "title": "Nylon Beat - Oot kuin karkkia mulle",
  },
  Object {
    "id": "d86VE3PLc54",
    "seconds": 180,
    "title": "Nylon Beat - Viha Ja Rakkaus (live @ Hotelli Sointu)",
  },
  Object {
    "id": "N0nFShHt-Ks",
    "seconds": 238,
    "title": "Valehtelija",
  },
  Object {
    "id": "a9TJJfF2qXk",
    "seconds": 190,
    "title": "Nylon Beat - Venäjää",
  },
  Object {
    "id": "PZi7kbqDQbU",
    "seconds": 224,
    "title": "Nylon Beat - Musta joulu",
  },
  Object {
    "id": "Fh827Qx7D2o",
    "seconds": 225,
    "title": "Nylon Beat - Senegalin yöt @ MTV3 synttärit 1997",
  },
  Object {
    "id": "kwyZIa6jeWE",
    "seconds": 225,
    "title": "Nylon Beat - Kreisi oon",
  },
  Object {
    "id": "ykzHdFtPCSo",
    "seconds": 214,
    "title": "Nylon Beat - Lä-lä-lä",
  },
  Object {
    "id": "M8mBy5zPmKY",
    "seconds": 232,
    "title": "Liikaa",
  },
  Object {
    "id": "Ydeq6WDeR6w",
    "seconds": 206,
    "title": "Nylon Beat - Extreme",
  },
  Object {
    "id": "hyFiC2To7JY",
    "seconds": 247,
    "title": "Nylon Beat - Paikka palaa",
  },
  Object {
    "id": "wPLjxpfbT6M",
    "seconds": 232,
    "title": "Nylon Beat - Takapulpetin poika",
  },
  Object {
    "id": "yaJy0aSEc0E",
    "seconds": 183,
    "title": "YUP - Huda huda! (Nylon Beat + YUP)",
  },
  Object {
    "id": "_9Eizzo45KY",
    "seconds": 194,
    "title": "Nylonkuu",
  },
  Object {
    "id": "-L205pTZ31U",
    "seconds": 232,
    "title": "Syntinen",
  },
  Object {
    "id": "6AxnS13mbK8",
    "seconds": 221,
    "title": "NYLON BEAT sings ETERNAL LOVE 永恆的愛 1998",
  },
  Object {
    "id": "sZ0Vw-lzwdY",
    "seconds": 248,
    "title": "Nylon Beat - Valmis oon vaikka armeijaan",
  },
  Object {
    "id": "nn5LtRK1NXs",
    "seconds": 367,
    "title": "Teflon love (Live)",
  },
  Object {
    "id": "MeHlgAtL8HU",
    "seconds": 291,
    "title": "Hei - me tehdään ydinkoe",
  },
  Object {
    "id": "x6YNUgzTdfg",
    "seconds": 165,
    "title": "Nuoruustango",
  },
  Object {
    "id": "OKIu_lSjmRI",
    "seconds": 240,
    "title": "Demoja",
  },
  Object {
    "id": "qzR3yVtHuAY",
    "seconds": 273,
    "title": "Adios",
  },
  Object {
    "id": "GHpbz2gcFHg",
    "seconds": 223,
    "title": "Nylon Beat - Why me, why you ?",
  },
  Object {
    "id": "qmrY06lxjPY",
    "seconds": 271,
    "title": "NYPD Blue",
  },
  Object {
    "id": "-AoJA47Xpzk",
    "seconds": 192,
    "title": "Nylon Beat - Moka",
  },
  Object {
    "id": "bjsQjqm39iI",
    "seconds": 226,
    "title": "Don't Disappoint Me",
  },
  Object {
    "id": "NocXY9GCyKc",
    "seconds": 206,
    "title": "Mies",
  },
  Object {
    "id": "THJ4bf4k75A",
    "seconds": 299,
    "title": "Nylon Beat - Satelliitti irrallaan",
  },
  Object {
    "id": "Pr99okn0DQk",
    "seconds": 260,
    "title": "Koditon",
  },
  Object {
    "id": "LAczlJMX9NI",
    "seconds": 199,
    "title": "If I Had Your Number",
  },
  Object {
    "id": "Uiv9yfkQLH8",
    "seconds": 191,
    "title": "Nylon Beat – Nylon Moon (Amorin kaaret 1998)",
  },
  Object {
    "id": "UjVxH4yuU9w",
    "seconds": 183,
    "title": "Larias - Faija päivystää",
  },
  Object {
    "id": "yws3b6FHXlY",
    "seconds": 237,
    "title": "Patteri",
  },
  Object {
    "id": "AWoUKvE0lv8",
    "seconds": 167,
    "title": "YUP & Nylon Beat - Rakastuin sinuun liian helposti",
  },
  Object {
    "id": "ovxi3wE858M",
    "seconds": 227,
    "title": "Nylon Beat - Mikset mua sä jättänyt oo",
  },
  Object {
    "id": "Y5IdQQ3NsxQ",
    "seconds": 182,
    "title": "Nylon Beat - Prinssi",
  },
  Object {
    "id": "i-SivKEYB44",
    "seconds": 266,
    "title": "Nylon Beat - Seksi vie 12 apinaa kuumalle hiekalle",
  },
  Object {
    "id": "T4yA_zcnVDs",
    "seconds": 139,
    "title": "Hän Sinun On",
  },
  Object {
    "id": "VMCudsdNDUY",
    "seconds": 240,
    "title": "Nylon Beat - Fighter",
  },
  Object {
    "id": "sOlEtSPBeps",
    "seconds": 247,
    "title": "Nylon Beat - Haloo Avaruus",
  },
  Object {
    "id": "SrbHEPez3vU",
    "seconds": 226,
    "title": "[S.E.S.2집 (느낌) 원곡] Nylon Beat - Don't Disappoint Me",
  },
  Object {
    "id": "ne29I95BYNw",
    "seconds": 226,
    "title": "Nylon Beat: Africa at night (1998)",
  },
  Object {
    "id": "3FqoKiHw50Q",
    "seconds": 236,
    "title": "Missä mennään",
  },
  Object {
    "id": "6F1x1dF4u2w",
    "seconds": 188,
    "title": "Nylon Beat - Ding Dong",
  },
  Object {
    "id": "BK36H_ujwjY",
    "seconds": 232,
    "title": "Nylon Beat - Kutsu Julkkis Bailaamaan",
  },
  Object {
    "id": "Q7JqP0PDvAs",
    "seconds": 209,
    "title": "Nylon Beat - Shut Up",
  },
  Object {
    "id": "uh8QNEJWaRg",
    "seconds": 222,
    "title": "Nylon Beat - Sukelletaan",
  },
  Object {
    "id": "rUjosuhds90",
    "seconds": 199,
    "title": "Nylon Beat : Petollinen päiväkirja",
  },
  Object {
    "id": "OxGRkvbswDY",
    "seconds": 195,
    "title": "Nylon Beat - Kengät Crocodile",
  },
  Object {
    "id": "vRZq4dN8p1g",
    "seconds": 141,
    "title": "Jos Käden Annat Vain",
  },
  Object {
    "id": "f59nIQmoQTI",
    "seconds": 199,
    "title": "Nylon Beat - Kun kundi pelkää",
  },
  Object {
    "id": "ZrD8h5Tg1Ow",
    "seconds": 229,
    "title": "Nylon Beat - Ne selviytyy",
  },
  Object {
    "id": "P6PzwcbEGM8",
    "seconds": 193,
    "title": "Nylon Beat - pieni taivas",
  },
  Object {
    "id": "9nd3oWeOU0I",
    "seconds": 238,
    "title": "Nylon Beat - Elämä On Lyhyt (1996)",
  },
  Object {
    "id": "kOkoyGcgBUQ",
    "seconds": 180,
    "title": "Nylon Beat - Varaosasydän",
  },
  Object {
    "id": "HkEenUOR4uk",
    "seconds": 218,
    "title": "Yo-Yo",
  },
  Object {
    "id": "u5HPh4H1ZvA",
    "seconds": 210,
    "title": "Tell It to Your Mother",
  },
  Object {
    "id": "j45UZmRIQTQ",
    "seconds": 224,
    "title": "Soita mulle",
  },
  Object {
    "id": "qKtQOhVaVX8",
    "seconds": 215,
    "title": "Vaihdan",
  },
  Object {
    "id": "anb46OFoMV8",
    "seconds": 229,
    "title": "Nylon Beat - Comeback (with lyrics)",
  },
  Object {
    "id": "XVzLsw3zzwM",
    "seconds": 215,
    "title": "Nylon Beat - Multa Tulta Saa",
  },
  Object {
    "id": "Uk27Q5-MHbw",
    "seconds": 222,
    "title": "Nylon Beat - Lääke ikävään (with lyrics in description)",
  },
  Object {
    "id": "47lYSpWQcsg",
    "seconds": 222,
    "title": "Nylon Beat - Tytöt Haluaa",
  },
  Object {
    "id": "wi3P-coK80A",
    "seconds": 213,
    "title": "Nylon Beat - Princess @ Lista Top40 1998",
  },
  Object {
    "id": "t4oEQFMJbic",
    "seconds": 214,
    "title": "Nylon Beat - Astu Mun Tarinaan",
  },
  Object {
    "id": "ob9ERrw4d2U",
    "seconds": 207,
    "title": "Nylon Beat: kevytlinja",
  },
  Object {
    "id": "njkR3pLKg1s",
    "seconds": 249,
    "title": "L.O.V.E. Blue",
  },
  Object {
    "id": "wPcBSBnqrCM",
    "seconds": 210,
    "title": "Miksi on niin vaikeaa",
  },
  Object {
    "id": "0vbrd7Dv2Ks",
    "seconds": 243,
    "title": "Sairaanfuckingpeenraastavaa (Live)",
  },
  Object {
    "id": "9XYbG1gtBp0",
    "seconds": 208,
    "title": "Vaikka kuolisin",
  },
  Object {
    "id": "94HP-hxzgPk",
    "seconds": 232,
    "title": "Nylon Beat - Sano Jee",
  },
  Object {
    "id": "fgQ3TtUTwkM",
    "seconds": 241,
    "title": "Nylon Beat - Pelastusrengas",
  },
  Object {
    "id": "I-Vvr-Y4X1I",
    "seconds": 209,
    "title": "Nylon Beat - Nopee",
  },
  Object {
    "id": "qAeP_jd0KAY",
    "seconds": 205,
    "title": "Nylon Beat - Täytyy Säätää",
  },
  Object {
    "id": "77AcExKESr0",
    "seconds": 240,
    "title": "Nylon Beat: If (1998, Jos englanniksi)",
  },
  Object {
    "id": "FPbH1CcoinM",
    "seconds": 205,
    "title": "Nylon Beat - Ennen Aurinkoa Karkaat",
  },
  Object {
    "id": "8PqUqk4bBOk",
    "seconds": 187,
    "title": "All Right",
  },
  Object {
    "id": "pyfUekFpoxQ",
    "seconds": 27,
    "title": "N-Files (outro)",
  },
  Object {
    "id": "jgyShFzdB_Q",
    "seconds": 276,
    "title": "Time",
  },
  Object {
    "id": "tAVnGvRwXew",
    "seconds": 124,
    "title": "Oogway Ascends",
  },
  Object {
    "id": "Tjp8cj8Vzyo",
    "seconds": 196,
    "title": "Davy Jones",
  },
  Object {
    "id": "lj8Q7jZOBgg",
    "seconds": 247,
    "title": "No Time for Caution",
  },
  Object {
    "id": "KckEf9KhMHo",
    "seconds": 384,
    "title": "S.T.A.Y.",
  },
  Object {
    "id": "NZWkUajiE5Q",
    "seconds": 718,
    "title": "Pirates Of The Caribbean Medley (Live)",
  },
  Object {
    "id": "pOxEn9bRFeA",
    "seconds": 303,
    "title": "Like a Dog Chasing Cars",
  },
  Object {
    "id": "ww4opaJ6umk",
    "seconds": 163,
    "title": "Up Is Down",
  },
  Object {
    "id": "CpHkMZxNLV0",
    "seconds": 248,
    "title": "Chevaliers De Sangreal",
  },
  Object {
    "id": "Vp6_Rjxs9U8",
    "seconds": 484,
    "title": "A Way of Life",
  },
  Object {
    "id": "Rbwxf69Laa8",
    "seconds": 211,
    "title": "He's A Pirate",
  },
  Object {
    "id": "B7QbEl9VFAY",
    "seconds": 220,
    "title": "Mountains",
  },
  Object {
    "id": "Eu9nPPJhcn4",
    "seconds": 220,
    "title": "Tennessee",
  },
  Object {
    "id": "BflqXfguhMU",
    "seconds": 249,
    "title": "Flight",
  },
  Object {
    "id": "8TmTSAf_H1A",
    "seconds": 347,
    "title": "Is She With You?",
  },
  Object {
    "id": "KaR5I_sT7kQ",
    "seconds": 272,
    "title": "Drink Up Me Hearties Yo Ho",
  },
  Object {
    "id": "HH1l5okI9mE",
    "seconds": 326,
    "title": "What Are You Going to Do When You Are Not Saving the World?",
  },
  Object {
    "id": "ypmrU7QfiDc",
    "seconds": 976,
    "title": "A Dark Knight",
  },
  Object {
    "id": "78u2ywj2uLk",
    "seconds": 200,
    "title": "Day One",
  },
  Object {
    "id": "erKvbXO6NIw",
    "seconds": 287,
    "title": "Inception: Time - Orchestra Version (Live)",
  },
  Object {
    "id": "Vd6MA5KGXIA",
    "seconds": 591,
    "title": "Sacred Pool Of Tears",
  },
  Object {
    "id": "GFY7i7pJAXg",
    "seconds": 414,
    "title": "The Kraken",
  },
  Object {
    "id": "ecRcT6TPuCs",
    "seconds": 92,
    "title": "Hoist the Colours (From \\"Pirates of the Caribbean: At World's End\\"/Soundtrack Version)",
  },
  Object {
    "id": "KAH3VisDQpo",
    "seconds": 108,
    "title": "First Step",
  },
  Object {
    "id": "KpcfHX0zAsc",
    "seconds": 190,
    "title": "Remember",
  },
  Object {
    "id": "nKSsLEYc1xs",
    "seconds": 258,
    "title": "... To Die For (From \\"The Lion King\\"/Score)",
  },
  Object {
    "id": "S238gmSaVM4",
    "seconds": 377,
    "title": "Lost but Won",
  },
  Object {
    "id": "s2Lo047gK0U",
    "seconds": 555,
    "title": "Why so Serious?",
  },
  Object {
    "id": "JZeNYaTmVP4",
    "seconds": 366,
    "title": "Jack Sparrow",
  },
  Object {
    "id": "dkWm59GfLz4",
    "seconds": 127,
    "title": "Cornfield Chase",
  },
  Object {
    "id": "slrB29PD7wk",
    "seconds": 123,
    "title": "Why Do We Fall?",
  },
  Object {
    "id": "X-k_Wmy4oZc",
    "seconds": 426,
    "title": "Heart Of A Volunteer",
  },
  Object {
    "id": "MV9H6dIWohk",
    "seconds": 403,
    "title": "A Watchful Guardian",
  },
  Object {
    "id": "AnNKsk2a0fI",
    "seconds": 592,
    "title": "Finale (William Tell Overture)",
  },
  Object {
    "id": "QUPtsJjfxm0",
    "seconds": 360,
    "title": "King of Pride Rock (From \\"The Lion King\\"/Score)",
  },
  Object {
    "id": "lb_e3xpkRnw",
    "seconds": 146,
    "title": "Discombobulate",
  },
  Object {
    "id": "WAN6oZeCV1M",
    "seconds": 757,
    "title": "The Electro Suite",
  },
  Object {
    "id": "FNBAmsriyY8",
    "seconds": 469,
    "title": "Remember Who You Are",
  },
  Object {
    "id": "ixS1D0Lu8Ds",
    "seconds": 395,
    "title": "I'm Not a Hero",
  },
  Object {
    "id": "QtHO0P4bKrY",
    "seconds": 290,
    "title": "Molossus",
  },
  Object {
    "id": "CPgPxGX6nNo",
    "seconds": 295,
    "title": "Mombasa",
  },
  Object {
    "id": "KMrBG9AqnPU",
    "seconds": 119,
    "title": "Alex On The Spot",
  },
  Object {
    "id": "9OpVbFciTfI",
    "seconds": 468,
    "title": "Stampede",
  },
  Object {
    "id": "ipGNuFXubL8",
    "seconds": 593,
    "title": "Sea Wall",
  },
  Object {
    "id": "PA_cPIS-9D0",
    "seconds": 499,
    "title": "A Way of Life (Tetraspace Remix)",
  },
  Object {
    "id": "VJDXOWqs_HI",
    "seconds": 228,
    "title": "Beautiful Lie",
  },
  Object {
    "id": "5Hk_v9vfFaY",
    "seconds": 562,
    "title": "Journey to the Line",
  },
  Object {
    "id": "P93JhrkedV0",
    "seconds": 480,
    "title": "A Small Measure of Peace",
  },
  Object {
    "id": "N5-dK4pg5hw",
    "seconds": 536,
    "title": "The Lion King Orchestra Suite (Live)",
  },
  Object {
    "id": "nEsUzApGEGg",
    "seconds": 228,
    "title": "Beautiful Lie",
  },
  Object {
    "id": "K0_5Nup_uBw",
    "seconds": 454,
    "title": "Roll Tide (From \\"Crimson Tide\\" Soundtrack)",
  },
  Object {
    "id": "F-3Wg5LppXk",
    "seconds": 379,
    "title": "Leave No Man Behind",
  },
  Object {
    "id": "fm-m9z4ruOk",
    "seconds": 442,
    "title": "Zen Ball Master",
  },
  Object {
    "id": "by2pM_0Sf8c",
    "seconds": 131,
    "title": "Tears in the Rain",
  },
  Object {
    "id": "U0HSGkCa_Fo",
    "seconds": 176,
    "title": "This Land (From \\"The Lion King\\"/Score)",
  },
  Object {
    "id": "IJrtpzck67g",
    "seconds": 488,
    "title": "Gap",
  },
  Object {
    "id": "9MzHTDQSS24",
    "seconds": 122,
    "title": "The Arrival of Kai",
  },
  Object {
    "id": "86EPZphKBhg",
    "seconds": 282,
    "title": "Hero",
  },
  Object {
    "id": "wwvjMuWOelM",
    "seconds": 336,
    "title": "... And Then I Kissed Him",
  },
  Object {
    "id": "Ygdi4g6ZkSU",
    "seconds": 498,
    "title": "My Enemy",
  },
  Object {
    "id": "B7WvGKUQfAI",
    "seconds": 289,
    "title": "To Know My Enemy",
  },
  Object {
    "id": "SkCCEIDdXzo",
    "seconds": 248,
    "title": "Gotham's Reckoning",
  },
  Object {
    "id": "j_-8QPxvF-A",
    "seconds": 304,
    "title": "Po Finds The Truth",
  },
  Object {
    "id": "LY3Ye4Pc4yQ",
    "seconds": 287,
    "title": "Shifu Faces Tai Lung",
  },
  Object {
    "id": "qvxsmmvxxNc",
    "seconds": 446,
    "title": "Imagine The Fire",
  },
  Object {
    "id": "4FgHkfi-9Cs",
    "seconds": 484,
    "title": "Supermarine",
  },
  Object {
    "id": "lMWJJShJdnA",
    "seconds": 310,
    "title": "Reflections of Mufasa",
  },
  Object {
    "id": "MvEfOVlyijk",
    "seconds": 168,
    "title": "I Will Find Him",
  },
  Object {
    "id": "j3-xuIEs2uU",
    "seconds": 625,
    "title": "All Of Them!",
  },
  Object {
    "id": "yY4Ck7-tvXA",
    "seconds": 436,
    "title": "Rise",
  },
  Object {
    "id": "BWrHOcMH_UU",
    "seconds": 237,
    "title": "Red Warrior",
  },
  Object {
    "id": "bJFMnN_4mPM",
    "seconds": 507,
    "title": "Coward",
  },
  Object {
    "id": "GLdjURq4cFI",
    "seconds": 386,
    "title": "This Is My World",
  },
  Object {
    "id": "6ryCfH8C1ME",
    "seconds": 172,
    "title": "The Dragon Warrior",
  },
  Object {
    "id": "JEc1uhdKRko",
    "seconds": 336,
    "title": "The Mole",
  },
  Object {
    "id": "_-_4V0lrXag",
    "seconds": 342,
    "title": "Dust",
  },
  Object {
    "id": "JvGeEz5nWA0",
    "seconds": 234,
    "title": "Maestro",
  },
  Object {
    "id": "HLWtpZwfUfc",
    "seconds": 248,
    "title": "Spectres in the Fog",
  },
  Object {
    "id": "BbSLZeCdvK8",
    "seconds": 486,
    "title": "At Wit's End (From \\"Pirates of the Caribbean: At World's End\\"/Score)",
  },
  Object {
    "id": "-3Gd6yMZMDA",
    "seconds": 123,
    "title": "What Shall We Die For (From \\"Pirates of the Caribbean: At World's End\\"/Score)",
  },
  Object {
    "id": "8h3SusINdAI",
    "seconds": 191,
    "title": "Mesa",
  },
  Object {
    "id": "E3uWHtUkUoI",
    "seconds": 324,
    "title": "Wallace",
  },
  Object {
    "id": "4FOKNY0gM6M",
    "seconds": 484,
    "title": "Mermaids (From \\"Pirates of the Caribbean: On Stranger Tides\\"/Score)",
  },
  Object {
    "id": "pbJDahj7Z5A",
    "seconds": 104,
    "title": "Life's Not Fair",
  },
  Object {
    "id": "L831_m-MeBs",
    "seconds": 124,
    "title": "Equation",
  },
  Object {
    "id": "udBLIulzITo",
    "seconds": 289,
    "title": "Injection",
  },
  Object {
    "id": "-Le4OUSse4g",
    "seconds": 113,
    "title": "Rafiki's Fireflies",
  },
  Object {
    "id": "PVuLDXxI0Mw",
    "seconds": 396,
    "title": "Hunger",
  },
  Object {
    "id": "XMgMOYKZ96g",
    "seconds": 406,
    "title": "Wheel of Fortune",
  },
  Object {
    "id": "oCcKN8dKOcw",
    "seconds": 277,
    "title": "Their War Here",
  },
  Object {
    "id": "fX9cwsifaj4",
    "seconds": 399,
    "title": "Elephant Graveyard",
  },
  Object {
    "id": "4t3cVPVGemY",
    "seconds": 662,
    "title": "Battle for Pride Rock",
  },
  Object {
    "id": "ietKODGFfV8",
    "seconds": 791,
    "title": "The Dark Knight Trilogy Medley (Live)",
  },
  Object {
    "id": "YuvwTnkGVK0",
    "seconds": 222,
    "title": "Homeland (Main Title)",
  },
  Object {
    "id": "CAt0SeaDWiQ",
    "seconds": 212,
    "title": "Solomon",
  },
  Object {
    "id": "NX7yOVVr_d0",
    "seconds": 144,
    "title": "528491",
  },
  Object {
    "id": "M2oVRx0ymEI",
    "seconds": 236,
    "title": "Dreaming of the Crash",
  },
  Object {
    "id": "HtyB5Wiq_Mw",
    "seconds": 232,
    "title": "Joi",
  },
  Object {
    "id": "ZRFQALuS8so",
    "seconds": 272,
    "title": "Planet Earth II Suite",
  },
  Object {
    "id": "0qanF-91aJo",
    "seconds": 172,
    "title": "BLACK SABBATH - \\"Paranoid\\" (Official Video)",
  },
  Object {
    "id": "cen1SvpTsYk",
    "seconds": 274,
    "title": "BLACK SABBATH - \\"Paranoid\\" Birmingham 2012 (Live Video)",
  },
  Object {
    "id": "5s7_WbiR79E",
    "seconds": 352,
    "title": "BLACK SABBATH - \\"Iron Man\\" (Official Video)",
  },
  Object {
    "id": "OhhOU5FUPBE",
    "seconds": 533,
    "title": "Black Sabbath - God Is Dead? (Official Video)",
  },
  Object {
    "id": "hkXHsK4AQPs",
    "seconds": 164,
    "title": "BLACK SABBATH - \\"Paranoid\\" (Official Video)",
  },
  Object {
    "id": "9ssDXiMLX9o",
    "seconds": 523,
    "title": "BLACK SABBATH - \\"War Pigs\\" (Live Video)",
  },
  Object {
    "id": "fWvKvOViM3g",
    "seconds": 5010,
    "title": "BLACK SABBATH - Paranoid (Full Album)",
  },
  Object {
    "id": "o0W91FrTlYk",
    "seconds": 500,
    "title": "BLACK SABBATH - End of the Beginning (Official Video)",
  },
  Object {
    "id": "hV2ideRjDIk",
    "seconds": 298,
    "title": "Black Sabbath - Loner (Official Video)",
  },
  Object {
    "id": "K3b6SGoN6dA",
    "seconds": 452,
    "title": "BLACK SABBATH - \\"War Pigs\\" (Live Video)",
  },
  Object {
    "id": "zUT730G-xvA",
    "seconds": 330,
    "title": "BLACK SABBATH - \\"Children of the Grave\\" from The End (Live Video)",
  },
  Object {
    "id": "Zxjz6VhUOr8",
    "seconds": 343,
    "title": "BLACK SABBATH - \\"N.I.B.\\" from The End (Live Video)",
  },
  Object {
    "id": "wVfUimq2KeI",
    "seconds": 532,
    "title": "BLACK SABBATH - 'God Is Dead?' (Official Audio)",
  },
  Object {
    "id": "0lVdMbUx1_k",
    "seconds": 417,
    "title": "BLACK SABBATH - \\"Black Sabbath\\" (Official Video)",
  },
  Object {
    "id": "pTHeY0-P4MY",
    "seconds": 260,
    "title": "BLACK SABBATH - \\"Paranoid\\" from The End (Live Video)",
  },
  Object {
    "id": "7-thChxjcVw",
    "seconds": 414,
    "title": "BLACK SABBATH - \\"Iron Man\\" from The End (Live Video)",
  },
  Object {
    "id": "MiY2JsGXrtM",
    "seconds": 314,
    "title": "BLACK SABBATH - \\"N.I.B.\\" (Live Video)",
  },
  Object {
    "id": "zY5nYmTUfnQ",
    "seconds": 489,
    "title": "BLACK SABBATH - \\"War Pigs\\" from 'The End' (Live Video)",
  },
  Object {
    "id": "1fqGIpkp2NU",
    "seconds": 2058,
    "title": "BLACK SABBATH - Master of Reality (Full Album)",
  },
  Object {
    "id": "Uq42HUUJFzU",
    "seconds": 161,
    "title": "BLACK SABBATH - \\"Paranoid\\" on Top of the Pops 1970",
  },
  Object {
    "id": "mfTpjrzas5E",
    "seconds": 205,
    "title": "BLACK SABBATH - \\"Sabbath Bloody Sabbath\\" (Official Video)",
  },
  Object {
    "id": "jCehccEZzX4",
    "seconds": 331,
    "title": "BLACK SABBATH - Killing Yourself To Live (Official Video)",
  },
  Object {
    "id": "J8B4BdAs0h4",
    "seconds": 373,
    "title": "BLACK SABBATH - \\"Snowblind\\" (Live Video)",
  },
  Object {
    "id": "FqvThopYOLY",
    "seconds": 299,
    "title": "BLACK SABBATH - \\"Loner\\" (Official Video)",
  },
  Object {
    "id": "0s1oz5vck3s",
    "seconds": 443,
    "title": "BLACK SABBATH - \\"Into The Void\\" (Live Video)",
  },
  Object {
    "id": "U39EiI-NR4I",
    "seconds": 306,
    "title": "BLACK SABBATH - \\"Children of the Grave\\" (Live Video)",
  },
  Object {
    "id": "WU3SZjfbcpI",
    "seconds": 211,
    "title": "Black Sabbath 11-11-11 Announcement",
  },
  Object {
    "id": "uWAhd4KkVUU",
    "seconds": 768,
    "title": "Black Sabbath - Heaven And Hell (Live)",
  },
  Object {
    "id": "rixsC0TioYE",
    "seconds": 779,
    "title": "BLACK SABBATH - Live Aid 1985 (Live Video)",
  },
  Object {
    "id": "xbyohIKIsoU",
    "seconds": 229,
    "title": "BLACK SABBATH - \\"Hole in the Sky\\" (Live Video)",
  },
  Object {
    "id": "uMa2ga8gqEw",
    "seconds": 532,
    "title": "BLACK SABBATH - \\"God Is Dead?\\" (Official Video)",
  },
  Object {
    "id": "uDELg7qaFyw",
    "seconds": 295,
    "title": "BLACK SABBATH - \\"Never Say Die\\" (Live Video)",
  },
  Object {
    "id": "6EBk3czZXlQ",
    "seconds": 432,
    "title": "BLACK SABBATH - \\"Dirty Women\\" (Live Video)",
  },
  Object {
    "id": "Jx7jDPDFvuE",
    "seconds": 196,
    "title": "BLACK SABBATH - \\"Electric Funeral\\" (Live Video)",
  },
  Object {
    "id": "Usqq2amB3QE",
    "seconds": 243,
    "title": "Black Sabbath - Behind The Scenes at Rehearsals for THE END",
  },
  Object {
    "id": "Kt0Xuw02TMQ",
    "seconds": 205,
    "title": "BLACK SABBATH - \\"Rock 'N' Roll Doctor\\" (Official Video)",
  },
  Object {
    "id": "2Q6gPouusHs",
    "seconds": 211,
    "title": "BLACK SABBATH - \\"Never Say Die\\" Top of the Pops 1978",
  },
  Object {
    "id": "_cjomffUqCg",
    "seconds": 206,
    "title": "BLACK SABBATH - Gathered In Their Masses (Teaser #2)",
  },
  Object {
    "id": "ni1i85rT-RY",
    "seconds": 357,
    "title": "BLACK SABBATH - The Final Song & Final Bow",
  },
  Object {
    "id": "7gM9vwBD0iA",
    "seconds": 113,
    "title": "BLACK SABBATH - \\"Paranoid\\" at Bilzen Pop Festival (Live Video)",
  },
  Object {
    "id": "nmZT0IaCN_0",
    "seconds": 129,
    "title": "BLACK SABBATH - \\"Blue Suede Shoes\\" (Live Video)",
  },
  Object {
    "id": "VDm8ZGd2bEQ",
    "seconds": 338,
    "title": "BLACK SABBATH - \\"Killing Yourself To Live\\" (Live Video)",
  },
  Object {
    "id": "R17k8zkSRZs",
    "seconds": 261,
    "title": "BLACK SABBATH - \\"A Hard Road\\" (Official Video)",
  },
  Object {
    "id": "ezvVJLeTQ0U",
    "seconds": 88,
    "title": "Black Sabbath - Grammy Nominations Congratulations",
  },
  Object {
    "id": "iDyp3Syaccs",
    "seconds": 387,
    "title": "BLACK SABBATH - \\"Iron Man\\" (Live Video)",
  },
  Object {
    "id": "6KhPDiKjW_I",
    "seconds": 113,
    "title": "BLACK SABBATH - The Vinyl Collection UK Unboxing",
  },
  Object {
    "id": "p96HnbSo8FU",
    "seconds": 161,
    "title": "Black Sabbath - Paranoid (Live)",
  },
  Object {
    "id": "iYYRH4apXDo",
    "seconds": 305,
    "title": "David Bowie – Space Oddity (Official Video)",
  },
  Object {
    "id": "GgnClrx8N2k",
    "seconds": 383,
    "title": "The Rolling Stones - Sympathy For The Devil (Official Lyric Video)",
  },
  Object {
    "id": "1vrEljMfXYo",
    "seconds": 199,
    "title": "John Denver - Take Me Home, Country Roads (Audio)",
  },
  Object {
    "id": "UipTt-qqZOE",
    "seconds": 258,
    "title": "David Bowie - Life On Mars (2016 Mix)",
  },
  Object {
    "id": "RbmS3tQJ7Os",
    "seconds": 271,
    "title": "The Rolling Stones - Gimme Shelter (Official Lyric Video)",
  },
  Object {
    "id": "Dy4HA3vUv2c",
    "seconds": 309,
    "title": "Blue Oyster Cult - (Don't Fear) The Reaper (Official Audio)",
  },
  Object {
    "id": "nrIPxlFzDi0",
    "seconds": 235,
    "title": "The Rolling Stones - (I Can't Get No) Satisfaction (Official Lyric Video)",
  },
  Object {
    "id": "4-43lLKaqBQ",
    "seconds": 249,
    "title": "The Animals - House of the Rising Sun (1964) HQ/Widescreen ♫♥ 56 YEARS AGO",
  },
  Object {
    "id": "fJ9rUzIMcZQ",
    "seconds": 360,
    "title": "Queen – Bohemian Rhapsody (Official Video Remastered)",
  },
  Object {
    "id": "I_2D8Eo15wE",
    "seconds": 145,
    "title": "Ram Jam - Black Betty",
  },
  Object {
    "id": "0J2QdDbelmY",
    "seconds": 240,
    "title": "The White Stripes - 'Seven Nation Army'",
  },
  Object {
    "id": "Kt-tLuszKBA",
    "seconds": 3218,
    "title": "Guardians of the Galaxy Awesome Mix Vol 1 Vol 2 Full Soundtrack",
  },
  Object {
    "id": "TLV4_xaYynY",
    "seconds": 242,
    "title": "The Jimi Hendrix Experience - All Along The Watchtower (Official Audio)",
  },
  Object {
    "id": "N-aK6JnyFmk",
    "seconds": 158,
    "title": "The Mamas & The Papas - California Dreamin'",
  },
  Object {
    "id": "VixdIglCZXk",
    "seconds": 270,
    "title": "The House of the Rising Sun",
  },
  Object {
    "id": "NUTGr5t3MoY",
    "seconds": 193,
    "title": "Green Day - Basket Case [Official Music Video]",
  },
  Object {
    "id": "ZWijx_AgPiA",
    "seconds": 138,
    "title": "Creedence Clearwater Revival - Fortunate Son",
  },
  Object {
    "id": "FTQbiNvZqaY",
    "seconds": 275,
    "title": "Toto - Africa (Official Music Video)",
  },
  Object {
    "id": "ZhIsAZO5gl0",
    "seconds": 239,
    "title": "Kiss - I Was Made For Lovin' You",
  },
  Object {
    "id": "Soa3gO7tL-c",
    "seconds": 288,
    "title": "Green Day: \\"Boulevard Of Broken Dreams\\" - [Official Video]",
  },
  Object {
    "id": "DtVBCG6ThDk",
    "seconds": 283,
    "title": "Elton John - Rocket Man (Official Music Video)",
  },
  Object {
    "id": "y9ANOzmSKQg",
    "seconds": 243,
    "title": "The White Stripes-Seven Nation Army",
  },
  Object {
    "id": "6c1BThu95d8",
    "seconds": 253,
    "title": "The Rolling Stones - She's A Rainbow (Official Lyric Video)",
  },
  Object {
    "id": "6Ejga4kJUts",
    "seconds": 308,
    "title": "The Cranberries - Zombie (Official Music Video)",
  },
  Object {
    "id": "qeMFqkcPYcg",
    "seconds": 215,
    "title": "Eurythmics, Annie Lennox, Dave Stewart - Sweet Dreams (Are Made Of This) (Official Video)",
  },
  Object {
    "id": "bpOSxM0rNPM",
    "seconds": 266,
    "title": "Arctic Monkeys - Do I Wanna Know? (Official Video)",
  },
  Object {
    "id": "DnGdoEa1tPg",
    "seconds": 173,
    "title": "System Of A Down - Lonely Day (Official Video)",
  },
  Object {
    "id": "bx1Bh8ZvH84",
    "seconds": 278,
    "title": "Oasis - Wonderwall (Official Video)",
  },
  Object {
    "id": "f4Mc-NYPHaQ",
    "seconds": 272,
    "title": "Queen - I Want To Break Free (Official Video)",
  },
  Object {
    "id": "7G2-FPlvY58",
    "seconds": 436,
    "title": "The Doors - Riders on the Storm (Official Audio)",
  },
  Object {
    "id": "krxU5Y9lCS8",
    "seconds": 451,
    "title": "The Rolling Stones - You Can’t Always Get What You Want (Official Lyric Video)",
  },
  Object {
    "id": "gxEPV4kolz0",
    "seconds": 342,
    "title": "Billy Joel - Piano Man (Official Video)",
  },
  Object {
    "id": "XfR9iY5y94s",
    "seconds": 222,
    "title": "Men At Work - Down Under (Video)",
  },
  Object {
    "id": "tAGnKpE4NCI",
    "seconds": 386,
    "title": "Metallica: Nothing Else Matters (Official Music Video)",
  },
  Object {
    "id": "8SbUC-UaAxE",
    "seconds": 557,
    "title": "Guns N' Roses - November Rain",
  },
  Object {
    "id": "8DyziWtkfBw",
    "seconds": 278,
    "title": "Red Hot Chili Peppers - Can't Stop [Official Music Video]",
  },
  Object {
    "id": "CKti7QixnJI",
    "seconds": 313,
    "title": "Talking Heads - Psycho Killer",
  },
  Object {
    "id": "sHbKdI26RkE",
    "seconds": 269,
    "title": "House Of The Rising Sun",
  },
  Object {
    "id": "r5NzAksjfDI",
    "seconds": 141,
    "title": "Fortunate Son",
  },
  Object {
    "id": "x2KRpRMSu4g",
    "seconds": 307,
    "title": "The Who - Baba O'riley",
  },
  Object {
    "id": "aXCwXsa2T4E",
    "seconds": 145,
    "title": "California - Soyb & Amine Maxwell · [Free Copyright-safe Music]",
  },
  Object {
    "id": "8IFqQMEt8qk",
    "seconds": 219,
    "title": "Crazy (instrumental) - SilentCrafter · [Free Copyright-safe Music]",
  },
  Object {
    "id": "dyCgA05wDfM",
    "seconds": 210,
    "title": "Downstream - Lyvo · [Free Copyright-safe Music]",
  },
  Object {
    "id": "9CC2Elmv9J4",
    "seconds": 136,
    "title": "Uncut Gems - Mezhdunami · [Free Copyright-safe Music]",
  },
  Object {
    "id": "ZEQKWb5A1qw",
    "seconds": 238,
    "title": "Tropics - tubebackr · [Free Copyright-safe Music]",
  },
  Object {
    "id": "_eTauQHrjto",
    "seconds": 168,
    "title": "Remember by Nettson · [Free Copyright-safe Music]",
  },
  Object {
    "id": "6zo-I7NGK18",
    "seconds": 113,
    "title": "Anxiety (instrumental) by RYYZN · [Free Copyright-safe Music]",
  },
  Object {
    "id": "WAD2veumgYc",
    "seconds": 270,
    "title": "Nightfall by Roa · [Free Copyright-safe Music]",
  },
  Object {
    "id": "kV07PqSZeDY",
    "seconds": 180,
    "title": "Winding Road by Pyrosion · [Free Copyright-safe Music]",
  },
  Object {
    "id": "qd_2lX_bwPY",
    "seconds": 193,
    "title": "Void Edge by Lesion X · [Free Copyright-safe Music]",
  },
  Object {
    "id": "y-tbE2FIA1o",
    "seconds": 161,
    "title": "Heartfül of Kerøsene (instrumental) - Jeff II · [Free Copyright-safe Music]",
  },
  Object {
    "id": "SaoDWgWSpGw",
    "seconds": 139,
    "title": "New Life - JayJen & ASHUTOSH · [Free Copyright-safe Music]",
  },
  Object {
    "id": "a0hkrjqpIOo",
    "seconds": 232,
    "title": "stay with me - Rexlambo · [Free Copyright-safe Music]",
  },
  Object {
    "id": "Sf-DjaE_TeE",
    "seconds": 131,
    "title": "The Clock (instrumental) - RYYZN · [Free Copyright-safe Music]",
  },
  Object {
    "id": "jqrSrcAv97A",
    "seconds": 133,
    "title": "Everything You Need Is By Your Side - Vlad Gluschenko · [Free Copyright-safe Music]",
  },
  Object {
    "id": "asozZJmOqIo",
    "seconds": 220,
    "title": "Eden - Onycs · [Free Copyright-safe Music]",
  },
  Object {
    "id": "MCOKZs8IUWs",
    "seconds": 48,
    "title": "Good Evening - Amine Maxwell [Copyright-safe] | Preview",
  },
  Object {
    "id": "3zL1CW6nr00",
    "seconds": 211,
    "title": "Rebirth - Peyruis · [Free Copyright-safe Music]",
  },
  Object {
    "id": "oZ3vUFdPAjI",
    "seconds": 205,
    "title": "California - MusicbyAden · [Free Copyright-safe Music]",
  },
  Object {
    "id": "c59mA_Z5PZ8",
    "seconds": 60,
    "title": "Te amo - Vendredi [Copyright-safe] | Preview",
  },
  Object {
    "id": "rtyEmZCUI5g",
    "seconds": 340,
    "title": "Ephemera - Scott Buckley · [Free Copyright-safe Music]",
  },
  Object {
    "id": "h3vLcFXEpyw",
    "seconds": 138,
    "title": "Something I Like (instrumental) - RYYZN · [Free Copyright-safe Music]",
  },
  Object {
    "id": "qonPqql2sP0",
    "seconds": 174,
    "title": "Riviera - Smith The Mister · [Free Copyright-safe Music]",
  },
  Object {
    "id": "i-ZlZ49oZ78",
    "seconds": 216,
    "title": "Holiday - JayJen & Osheen · [Free Copyright-safe Music]",
  },
  Object {
    "id": "6FeM9gsbjWU",
    "seconds": 160,
    "title": "Faith - Vishmak · [Free Copyright-safe Music]",
  },
  Object {
    "id": "dsdYAMcNcwI",
    "seconds": 223,
    "title": "Mood - Peyruis · [Free Copyright-safe Music]",
  },
  Object {
    "id": "LGu5ABRjYM4",
    "seconds": 175,
    "title": "Enchanté - Vendredi · [Free Copyright-safe Music]",
  },
  Object {
    "id": "JZ1maOwEZy0",
    "seconds": 84,
    "title": "Fate And Fortune - Scott Buckley · [Free Copyright-safe Music]",
  },
  Object {
    "id": "ybRUMGomV5E",
    "seconds": 224,
    "title": "Sleepless Nights - Roa · [Free Copyright-safe Music]",
  },
  Object {
    "id": "lVwzRg40PrU",
    "seconds": 58,
    "title": "Good Life - JayJen & Roa [Copyright-safe] | Preview",
  },
  Object {
    "id": "6MT6-JzUw1w",
    "seconds": 121,
    "title": "Clocks - Smith The Mister · [Free Copyright-safe Music]",
  },
  Object {
    "id": "ipBADI59ZLQ",
    "seconds": 176,
    "title": "Waiting For You - Le Gang · [Free Copyright-safe Music]",
  },
  Object {
    "id": "1YtWigPFk4M",
    "seconds": 58,
    "title": "Superstar - Soyb [Copyright-safe] | Preview",
  },
  Object {
    "id": "ecu0hLNS-X8",
    "seconds": 167,
    "title": "Children (ft ELLE) - Vendredi · [Free Copyright-safe Music]",
  },
  Object {
    "id": "qXptaqHIH5g",
    "seconds": 181,
    "title": "Cali - Wataboi · [Free Copyright-safe Music]",
  },
  Object {
    "id": "i5xJX-SYQL0",
    "seconds": 75,
    "title": "Bubble - KV [Copyright-safe] | Preview",
  },
  Object {
    "id": "Q0mUON_LA2Q",
    "seconds": 194,
    "title": "Vacaciones - Mike Leite · [Free Copyright-safe Music]",
  },
  Object {
    "id": "x8h50E6ekR0",
    "seconds": 358,
    "title": "Solace - Scott Buckley · [Free Copyright-safe Music]",
  },
  Object {
    "id": "b4p9TiftgJY",
    "seconds": 146,
    "title": "Slowly - Smith The Mister · [Free Copyright-safe Music]",
  },
  Object {
    "id": "TCzSzvJEMZY",
    "seconds": 213,
    "title": "Light - tubebackr · [Free Copyright-safe Music]",
  },
  Object {
    "id": "0UFQPWTU6sI",
    "seconds": 300,
    "title": "Desire - MusicbyAden · [Free Copyright-safe Music]",
  },
  Object {
    "id": "AKy14wPxaSo",
    "seconds": 314,
    "title": "My Itinerary - Tokyo Music Walker · [Free Copyright-safe Music]",
  },
  Object {
    "id": "aK8x9Qsx8y8",
    "seconds": 183,
    "title": "It will be ok - LiQWYD · [Free Copyright-safe Music]",
  },
  Object {
    "id": "of0Ei_T4isc",
    "seconds": 355,
    "title": "Signal To Noise - Scott Buckley · [Free Copyright-safe Music]",
  },
  Object {
    "id": "7TWSF5Dt0EM",
    "seconds": 263,
    "title": "Lights - Roa · [Free Copyright-safe Music]",
  },
  Object {
    "id": "lqTd9aYvUOI",
    "seconds": 74,
    "title": "Secret Crush - Vendredi [Copyright-safe] | Preview",
  },
  Object {
    "id": "zNqOPkZi83g",
    "seconds": 186,
    "title": "Galaxy Voices - Cauzmonote · [Free Copyright-safe Music]",
  },
  Object {
    "id": "R6ItSWcMh6Q",
    "seconds": 162,
    "title": "Sunrise - MusicbyAden & Atch · [Free Copyright-safe Music]",
  },
  Object {
    "id": "e-0noViJqxI",
    "seconds": 189,
    "title": "Roa - Remember (JayJen Remix) - JayJen · [Free Copyright-safe Music]",
  },
  Object {
    "id": "TzrgCtfA5gs",
    "seconds": 61,
    "title": "Playa - Mauro Somm [Copyright-safe] | Preview",
  },
  Object {
    "id": "VW49wOueXgY",
    "seconds": 192,
    "title": "Play it safe - LiQWYD · [Free Copyright-safe Music]",
  },
  Object {
    "id": "AzYoVrMLa1Q",
    "seconds": 177,
    "title": "In Time (Instrumental) - Dylan Emmet · [Free Copyright-safe Music]",
  },
  Object {
    "id": "LsGBcsXFwhY",
    "seconds": 61,
    "title": "Campfire - Declan DP [Copyright-safe] | Preview",
  },
  Object {
    "id": "gY6eEnR2tTU",
    "seconds": 200,
    "title": "Out Of Time (ft. Lily Hain) - Leonell Cassio · [Free Copyright-safe Music]",
  },
  Object {
    "id": "4fX1VmXg-gU",
    "seconds": 196,
    "title": "Memories - MusicbyAden · [Free Copyright-safe Music]",
  },
  Object {
    "id": "XakoYx0c0MA",
    "seconds": 61,
    "title": "Maarif - Soyb & Amine Maxwell [Copyright-safe] | Preview",
  },
  Object {
    "id": "wqNpI4vNuyk",
    "seconds": 168,
    "title": "Amelia - Amine Maxwell · [Free Copyright-safe Music]",
  },
  Object {
    "id": "Qdaj2UeTsu4",
    "seconds": 216,
    "title": "Asleep - HaTom · [Free Copyright-safe Music]",
  },
  Object {
    "id": "6c-QjUUOUEE",
    "seconds": 154,
    "title": "This Feeling - Atch · [Free Copyright-safe Music]",
  },
  Object {
    "id": "WiCkC9RsVQg",
    "seconds": 61,
    "title": "Follow Me - Vendredi [Copyright-safe] | Preview",
  },
  Object {
    "id": "AOjdw8XX-vE",
    "seconds": 180,
    "title": "Intense - Peyruis · [Free Copyright-safe Music]",
  },
  Object {
    "id": "89AQsDYk04Q",
    "seconds": 132,
    "title": "Never Be Friends - Dylan Emmet · [Free Copyright-safe Music]",
  },
  Object {
    "id": "RKiTVUu-4dM",
    "seconds": 61,
    "title": "Stable - KV [Copyright-safe] | Preview",
  },
  Object {
    "id": "Xqrw9DuIlkA",
    "seconds": 95,
    "title": "Havana - Soyb & Amine Maxwell · [Free Copyright-safe Music]",
  },
  Object {
    "id": "hnELKq4QXsY",
    "seconds": 89,
    "title": "LiQWYD - A day in my life as a music producer",
  },
  Object {
    "id": "I8_b6YNiyp4",
    "seconds": 146,
    "title": "Surf - MusicbyAden · [Free Copyright-safe Music]",
  },
  Object {
    "id": "UtFapeYHmMA",
    "seconds": 61,
    "title": "Pineapple - JayJen [Copyright-safe] | Preview",
  },
  Object {
    "id": "cCpES8j_ucI",
    "seconds": 189,
    "title": "We've Got Time - LiQWYD · [Free Copyright-safe Music]",
  },
  Object {
    "id": "kxygwruwK3k",
    "seconds": 134,
    "title": "Promise Me - PYC Music · [Free Copyright-safe Music]",
  },
  Object {
    "id": "XWxtEf57SgA",
    "seconds": 159,
    "title": "Come Over - RYYZN · [Free Copyright-safe Music]",
  },
  Object {
    "id": "tzQnj9ITYQQ",
    "seconds": 63,
    "title": "Ardent - Pratzapp [Copyright-safe] | Preview",
  },
  Object {
    "id": "sIaZg9d6mjg",
    "seconds": 189,
    "title": "Journey - Atch · [Free Copyright-safe Music]",
  },
  Object {
    "id": "aHM4r9Llpb0",
    "seconds": 196,
    "title": "Harmonia - Peyruis · [Free Copyright-safe Music]",
  },
  Object {
    "id": "z4nKLURr8Ec",
    "seconds": 62,
    "title": "Tropical Love - Vendredi [Copyright-safe] | Preview",
  },
  Object {
    "id": "H74vWsZs2cQ",
    "seconds": 158,
    "title": "Over soon - LiQWYD · [Free Copyright-safe Music]",
  },
  Object {
    "id": "Fpwzd8Nl6Eo",
    "seconds": 191,
    "title": "Sunray valley - Scandinavianz · [Free Copyright-safe Music]",
  },
  Object {
    "id": "XsH4ktwozrs",
    "seconds": 188,
    "title": "On The Line (Instrumental) - SilentCrafter · [Free Copyright-safe Music]",
  },
  Object {
    "id": "LeP1D9DoiYE",
    "seconds": 128,
    "title": "Promises - ROFEU · [Free Copyright-safe Music]",
  },
  Object {
    "id": "eNgusegQBGM",
    "seconds": 198,
    "title": "Virtual Joy - SilentCrafter · [Free Copyright-safe Music]",
  },
  Object {
    "id": "edtbI6-9CRA",
    "seconds": 61,
    "title": "Soulmates (Instrumental) - DayFox & BraveLion [Copyright-safe] | Preview",
  },
  Object {
    "id": "e4u4vGpuoQM",
    "seconds": 262,
    "title": "District 19 - tubebackr · [Free Copyright-safe Music]",
  },
  Object {
    "id": "Qvw-s27xp_g",
    "seconds": 149,
    "title": "Bora Bora - MBB · [Free Copyright-safe Music]",
  },
  Object {
    "id": "kPVJUD9Wo98",
    "seconds": 165,
    "title": "Gonna Sing - Peyruis · [Free Copyright-safe Music]",
  },
  Object {
    "id": "F0qB13gOqf0",
    "seconds": 146,
    "title": "Will I? - ADERIN · [Free Copyright-safe Music]",
  },
  Object {
    "id": "ORP36Tcn190",
    "seconds": 72,
    "title": "Timeless - Lahar [Copyright-safe] | Preview",
  },
  Object {
    "id": "dmQIxX3L_3c",
    "seconds": 193,
    "title": "Lockdown - Pold & Baribal · [Free Copyright-safe Music]",
  },
  Object {
    "id": "zEkE5zd1QM0",
    "seconds": 146,
    "title": "Midnight lover - ROFEU · [Free Copyright-safe Music]",
  },
  Object {
    "id": "QwPYLZucM0k",
    "seconds": 203,
    "title": "Genesis - Lahar · [Free Copyright-safe Music]",
  },
  Object {
    "id": "0VPGa56omYg",
    "seconds": 179,
    "title": "It Ain't Over (feat Sphere) - Vendredi · [Free Copyright-safe Music]",
  },
  Object {
    "id": "mXEBzTy68Hc",
    "seconds": 249,
    "title": "Sakura 2020 - Roa · [Free Copyright-safe Music]",
  },
  Object {
    "id": "_qGC14Oem_U",
    "seconds": 177,
    "title": "Weightless - LiQWYD · [Free Copyright-safe Music]",
  },
  Object {
    "id": "lemU_UmPBuM",
    "seconds": 181,
    "title": "Spaceship - Declan DP · [Free Copyright-safe Music]",
  },
  Object {
    "id": "WqQWzHuumpk",
    "seconds": 60,
    "title": "City Lights - Babasmas [Copyright-safe] | Preview",
  },
  Object {
    "id": "ZABd-dGURW4",
    "seconds": 181,
    "title": "Made in Sydney - Peyruis · [Free Copyright-safe Music]",
  },
  Object {
    "id": "GM4a1vL9jyI",
    "seconds": 187,
    "title": "Climb - Declan DP · [Free Copyright-safe Music]",
  },
  Object {
    "id": "8wTHc0q0Kwc",
    "seconds": 178,
    "title": "Dark Sky - JayJen & Enine · [Free Copyright-safe Music]",
  },
  Object {
    "id": "D0dz2bt-NHQ",
    "seconds": 70,
    "title": "Nostalgia - Another Kid [Copyright-safe] | Preview",
  },
  Object {
    "id": "-MO-mrBlo5s",
    "seconds": 179,
    "title": "Elizabeth's Groove - Amarià · [Free Copyright-safe Music]",
  },
  Object {
    "id": "X5_gDgGbp6w",
    "seconds": 181,
    "title": "Fiesta Loca - Mike Leite · [Free Copyright-safe Music]",
  },
  Object {
    "id": "Ttw0Wa3V7Fs",
    "seconds": 69,
    "title": "Discovery - JayJen & ASHUTOSH [Copyright-safe] | Preview",
  },
  Object {
    "id": "STzt6dbcipo",
    "seconds": 181,
    "title": "Dawn - MusicbyAden · [Free Copyright-safe Music]",
  },
  Object {
    "id": "BrCd9zw1ZOs",
    "seconds": 185,
    "title": "Laser - SilentCrafter · [Free Copyright-safe Music]",
  },
  Object {
    "id": "-aJuxWPdR7Q",
    "seconds": 60,
    "title": "Nobody - Theo Dor [Copyright-safe] | Preview",
  },
  Object {
    "id": "2u6cFuVkxgI",
    "seconds": 181,
    "title": "Frontline - Jay Someday · [Free Copyright-safe Music]",
  },
  Object {
    "id": "IAuKHcshJqw",
    "seconds": 69,
    "title": "Penguins - Vlad Gluschenko · [Free Copyright-safe Music]",
  },
  Object {
    "id": "CmGlppkhxJg",
    "seconds": 139,
    "title": "Quarantine (Instrumental) - RYYZN · [Free Copyright-safe Music]",
  },
  Object {
    "id": "IUgGkww_BCQ",
    "seconds": 62,
    "title": "Freedom - Scandinavianz [Copyright-safe] | Preview",
  },
  Object {
    "id": "8lJoHMz4vGE",
    "seconds": 132,
    "title": "Departure - Ghostrifter Official · [Free Copyright-safe Music]",
  },
  Object {
    "id": "71enqnxhJZI",
    "seconds": 216,
    "title": "Wings Of Norway - Scandinavianz · [Free Copyright-safe Music]",
  },
  Object {
    "id": "8nHDBaPvw7c",
    "seconds": 60,
    "title": "Cyber Warrior - Iaio [Copyright-safe] | Preview",
  },
  Object {
    "id": "OM9G3nyLT_w",
    "seconds": 105,
    "title": "Fluffy - Smith The Mister · [Free Copyright-safe Music]",
  },
  Object {
    "id": "h5JxHWkrIws",
    "seconds": 144,
    "title": "Sparkle - JayJen · [Free Copyright-safe Music]",
  },
  Object {
    "id": "JQ8LggdjEKY",
    "seconds": 226,
    "title": "Voyage - Atch · [Free Copyright-safe Music]",
  },
  Object {
    "id": "YQCeqy0mleg",
    "seconds": 195,
    "title": "A Journey Through The Universe - Lesion X · [Free Copyright-safe Music]",
  },
  Object {
    "id": "KunCHEX0MR4",
    "seconds": 218,
    "title": "Sittin' Throwin' Rocks (ft Lily Hain) - Leonell Cassio · [Free Copyright-safe Music]",
  },
  Object {
    "id": "roEgbjvPcpA",
    "seconds": 63,
    "title": "Just Call - VOLTE/FACE [Copyright-safe] | Preview",
  },
  Object {
    "id": "YMBjjxI3Ab0",
    "seconds": 147,
    "title": "Kannushi - Dizaro · [Free Copyright-safe Music]",
  },
  Object {
    "id": "AZ8RWIaFlYg",
    "seconds": 235,
    "title": "New Day - Tokyo Music Walker · [Free Copyright-safe Music]",
  },
  Object {
    "id": "tPKXyOCJ7l4",
    "seconds": 60,
    "title": "Electric - KV [Copyright-safe] | Preview",
  },
  Object {
    "id": "pbioRi-jWj0",
    "seconds": 244,
    "title": "Me & You - MusicbyAden · [Free Copyright-safe Music]",
  },
  Object {
    "id": "9v2xRVapP_I",
    "seconds": 60,
    "title": "AI - Vendredi [Copyright-safe] | Preview",
  },
  Object {
    "id": "j7njyY6vTIg",
    "seconds": 147,
    "title": "Endless Way - SilentCrafter · [Free Copyright-safe Music]",
  },
  Object {
    "id": "bP17he7J85E",
    "seconds": 204,
    "title": "Be Myself - Nettson · [Free Copyright-safe Music]",
  },
  Object {
    "id": "of6Y84Hv7m8",
    "seconds": 61,
    "title": "Replay - Declan DP [Copyright-safe] | Preview",
  },
  Object {
    "id": "lmS2jz2N2rI",
    "seconds": 147,
    "title": "Passionate Affair (Instrumental) - RYYZN · [Free Copyright-safe Music]",
  },
  Object {
    "id": "J4x_Gj4LoCU",
    "seconds": 244,
    "title": "Short Trip - Roa · [Free Copyright-safe Music]",
  },
  Object {
    "id": "R5ty0UKjvA4",
    "seconds": 60,
    "title": "Cocktail - Vendredi [Copyright-safe] | Preview",
  },
  Object {
    "id": "OHduxKdE4zs",
    "seconds": 245,
    "title": "Perilune - AERØHEAD · [Free Copyright-safe Music]",
  },
  Object {
    "id": "-xLJWEw33A0",
    "seconds": 182,
    "title": "Stay Home - Declan DP · [Free Copyright-safe Music]",
  },
  Object {
    "id": "GdoYTaJl4p8",
    "seconds": 61,
    "title": "Dreams Are Pretty - Seoul June [Copyright-safe] | Preview",
  },
  Object {
    "id": "BqbtZVEOkic",
    "seconds": 264,
    "title": "Memories of Spring - Tokyo Music Walker · [Free Copyright-safe Music]",
  },
  Object {
    "id": "zAghUpatQcI",
    "seconds": 224,
    "title": "Reverie - Scott Buckley · [Free Copyright-safe Music]",
  },
  Object {
    "id": "CVD1xeMIcZc",
    "seconds": 182,
    "title": "Escape Is Senseless - SilentCrafter · [Free Copyright-safe Music]",
  },
  Object {
    "id": "r-rU0pZdtTA",
    "seconds": 174,
    "title": "Velvet - Peyruis · [Free Copyright-safe Music]",
  },
  Object {
    "id": "qldyHxWPFUY",
    "seconds": 224,
    "title": "Believe - Roa · [Free Copyright-safe Music]",
  },
  Object {
    "id": "Dr-I4lbPM3M",
    "seconds": 130,
    "title": "Castle in the sky - Rofeu · [Free Copyright-safe Music]",
  },
  Object {
    "id": "eFmIPr6ZYuM",
    "seconds": 174,
    "title": "Pixel Pig - Di Young · [Free Copyright-safe Music]",
  },
  Object {
    "id": "u0ct_6Ja-zk",
    "seconds": 61,
    "title": "Drive Around Town - Broke In Summer [Copyright-safe] | Preview",
  },
  Object {
    "id": "spOci-L3BNc",
    "seconds": 163,
    "title": "Waiting on You - RYYZN · [Free Copyright-safe Music]",
  },
  Object {
    "id": "R1XEEm5Fppg",
    "seconds": 235,
    "title": "Fresh Time - Roa · [Free Copyright-safe Music]",
  },
  Object {
    "id": "K9ERmGNzdyo",
    "seconds": 129,
    "title": "Afternoon Nap - Ghostrifter Official · [Free Copyright-safe Music]",
  },
  Object {
    "id": "63hI-QLj-n0",
    "seconds": 62,
    "title": "Waves - The Loyalist [Copyright-safe] | Preview",
  },
  Object {
    "id": "vK1hPY44mEc",
    "seconds": 163,
    "title": "With You (Instrumental) - HaTom · [Free Copyright-safe Music]",
  },
  Object {
    "id": "XK5WipDlH5E",
    "seconds": 220,
    "title": "YOURSWAG - tubebackr · [Free Copyright-safe Music]",
  },
  Object {
    "id": "CJuRZhRkS6g",
    "seconds": 178,
    "title": "Baby Don't - Peyruis · [Free Copyright-safe Music]",
  },
  Object {
    "id": "cQmntMw_c8I",
    "seconds": 282,
    "title": "Alley - Roa · [Free Copyright-safe Music]",
  },
  Object {
    "id": "ups0Y_U35yg",
    "seconds": 79,
    "title": "Frame - KV [Copyright-safe] | Preview",
  },
  Object {
    "id": "nwV8HN0m2eA",
    "seconds": 230,
    "title": "Elevate - LiQWYD · [Free Copyright-safe Music]",
  },
  Object {
    "id": "Hc6r06k-ADA",
    "seconds": 196,
    "title": "Tropical Sensation - Mike Leite · [Free Copyright-safe Music]",
  },
]
`;
